../Core/Src/main.c:158:5:main	8	static
../Core/Src/main.c:225:6:SystemClock_Config	88	static
../Core/Src/main.c:271:13:MX_ADC1_Init	24	static
../Core/Src/main.c:377:13:MX_TIM2_Init	32	static
../Core/Src/main.c:422:13:MX_TIM3_Init	64	static
../Core/Src/main.c:485:13:MX_USART1_UART_Init	8	static
../Core/Src/main.c:516:13:MX_DMA_Init	16	static
../Core/Src/main.c:534:13:MX_GPIO_Init	48	static
../Core/Src/main.c:567:6:HAL_TIM_PeriodElapsedCallback	24	static
../Core/Src/main.c:575:6:ledHandle1	8	static
../Core/Src/main.c:606:6:ledHandle2	8	static
../Core/Src/main.c:638:6:ledHandle3	8	static
../Core/Src/main.c:670:6:ledHandle4	8	static
../Core/Src/main.c:702:6:ledHandler	8	static
../Core/Src/main.c:709:6:rutinaCalibracion	48	static
../Core/Src/main.c:737:6:motorDerecho	4	static
../Core/Src/main.c:760:6:motorIzquierdo	4	static
../Core/Src/main.c:783:9:rutinaPosicion	48	static
../Core/Src/main.c:814:6:seguidorLinea	8	static
../Core/Src/main.c:876:6:seguidorHandler	8	static
../Core/Src/main.c:898:6:enviarQT	32	static
../Core/Src/main.c:919:6:llegaDato	24	static
../Core/Src/main.c:954:6:cuentaHandler	8	static
../Core/Src/main.c:1020:6:Error_Handler	4	static,ignoring_inline_asm
