Archive member included to satisfy reference by file (symbol)

c:/st/stm32cubeide_1.11.0/stm32cubeide/plugins/com.st.stm32cube.ide.mcu.externaltools.gnu-tools-for-stm32.10.3-2021.10.win32_1.0.100.202210260954/tools/bin/../lib/gcc/arm-none-eabi/10.3.1/../../../../arm-none-eabi/lib/thumb/v7e-m+fp/hard\libc_nano.a(lib_a-errno.o)
                              ./Core/Src/syscalls.o (__errno)
c:/st/stm32cubeide_1.11.0/stm32cubeide/plugins/com.st.stm32cube.ide.mcu.externaltools.gnu-tools-for-stm32.10.3-2021.10.win32_1.0.100.202210260954/tools/bin/../lib/gcc/arm-none-eabi/10.3.1/../../../../arm-none-eabi/lib/thumb/v7e-m+fp/hard\libc_nano.a(lib_a-exit.o)
                              c:/st/stm32cubeide_1.11.0/stm32cubeide/plugins/com.st.stm32cube.ide.mcu.externaltools.gnu-tools-for-stm32.10.3-2021.10.win32_1.0.100.202210260954/tools/bin/../lib/gcc/arm-none-eabi/10.3.1/../../../../arm-none-eabi/lib/thumb/v7e-m+fp/hard/crt0.o (exit)
c:/st/stm32cubeide_1.11.0/stm32cubeide/plugins/com.st.stm32cube.ide.mcu.externaltools.gnu-tools-for-stm32.10.3-2021.10.win32_1.0.100.202210260954/tools/bin/../lib/gcc/arm-none-eabi/10.3.1/../../../../arm-none-eabi/lib/thumb/v7e-m+fp/hard\libc_nano.a(lib_a-impure.o)
                              c:/st/stm32cubeide_1.11.0/stm32cubeide/plugins/com.st.stm32cube.ide.mcu.externaltools.gnu-tools-for-stm32.10.3-2021.10.win32_1.0.100.202210260954/tools/bin/../lib/gcc/arm-none-eabi/10.3.1/../../../../arm-none-eabi/lib/thumb/v7e-m+fp/hard\libc_nano.a(lib_a-exit.o) (_global_impure_ptr)
c:/st/stm32cubeide_1.11.0/stm32cubeide/plugins/com.st.stm32cube.ide.mcu.externaltools.gnu-tools-for-stm32.10.3-2021.10.win32_1.0.100.202210260954/tools/bin/../lib/gcc/arm-none-eabi/10.3.1/../../../../arm-none-eabi/lib/thumb/v7e-m+fp/hard\libc_nano.a(lib_a-init.o)
                              c:/st/stm32cubeide_1.11.0/stm32cubeide/plugins/com.st.stm32cube.ide.mcu.externaltools.gnu-tools-for-stm32.10.3-2021.10.win32_1.0.100.202210260954/tools/bin/../lib/gcc/arm-none-eabi/10.3.1/../../../../arm-none-eabi/lib/thumb/v7e-m+fp/hard/crt0.o (__libc_init_array)
c:/st/stm32cubeide_1.11.0/stm32cubeide/plugins/com.st.stm32cube.ide.mcu.externaltools.gnu-tools-for-stm32.10.3-2021.10.win32_1.0.100.202210260954/tools/bin/../lib/gcc/arm-none-eabi/10.3.1/../../../../arm-none-eabi/lib/thumb/v7e-m+fp/hard\libc_nano.a(lib_a-memset.o)
                              c:/st/stm32cubeide_1.11.0/stm32cubeide/plugins/com.st.stm32cube.ide.mcu.externaltools.gnu-tools-for-stm32.10.3-2021.10.win32_1.0.100.202210260954/tools/bin/../lib/gcc/arm-none-eabi/10.3.1/../../../../arm-none-eabi/lib/thumb/v7e-m+fp/hard/crt0.o (memset)
c:/st/stm32cubeide_1.11.0/stm32cubeide/plugins/com.st.stm32cube.ide.mcu.externaltools.gnu-tools-for-stm32.10.3-2021.10.win32_1.0.100.202210260954/tools/bin/../lib/gcc/arm-none-eabi/10.3.1/../../../../arm-none-eabi/lib/thumb/v7e-m+fp/hard\libc_nano.a(lib_a-strlen.o)
                              ./Core/Src/main.o (strlen)
c:/st/stm32cubeide_1.11.0/stm32cubeide/plugins/com.st.stm32cube.ide.mcu.externaltools.gnu-tools-for-stm32.10.3-2021.10.win32_1.0.100.202210260954/tools/bin/../lib/gcc/arm-none-eabi/10.3.1/thumb/v7e-m+fp/hard\libgcc.a(_aeabi_uldivmod.o)
                              ./Drivers/STM32F4xx_HAL_Driver/Src/stm32f4xx_hal_rcc.o (__aeabi_uldivmod)
c:/st/stm32cubeide_1.11.0/stm32cubeide/plugins/com.st.stm32cube.ide.mcu.externaltools.gnu-tools-for-stm32.10.3-2021.10.win32_1.0.100.202210260954/tools/bin/../lib/gcc/arm-none-eabi/10.3.1/thumb/v7e-m+fp/hard\libgcc.a(_udivmoddi4.o)
                              c:/st/stm32cubeide_1.11.0/stm32cubeide/plugins/com.st.stm32cube.ide.mcu.externaltools.gnu-tools-for-stm32.10.3-2021.10.win32_1.0.100.202210260954/tools/bin/../lib/gcc/arm-none-eabi/10.3.1/thumb/v7e-m+fp/hard\libgcc.a(_aeabi_uldivmod.o) (__udivmoddi4)
c:/st/stm32cubeide_1.11.0/stm32cubeide/plugins/com.st.stm32cube.ide.mcu.externaltools.gnu-tools-for-stm32.10.3-2021.10.win32_1.0.100.202210260954/tools/bin/../lib/gcc/arm-none-eabi/10.3.1/thumb/v7e-m+fp/hard\libgcc.a(_dvmd_tls.o)
                              c:/st/stm32cubeide_1.11.0/stm32cubeide/plugins/com.st.stm32cube.ide.mcu.externaltools.gnu-tools-for-stm32.10.3-2021.10.win32_1.0.100.202210260954/tools/bin/../lib/gcc/arm-none-eabi/10.3.1/thumb/v7e-m+fp/hard\libgcc.a(_aeabi_uldivmod.o) (__aeabi_ldiv0)

Discarded input sections

 .text          0x0000000000000000        0x0 c:/st/stm32cubeide_1.11.0/stm32cubeide/plugins/com.st.stm32cube.ide.mcu.externaltools.gnu-tools-for-stm32.10.3-2021.10.win32_1.0.100.202210260954/tools/bin/../lib/gcc/arm-none-eabi/10.3.1/thumb/v7e-m+fp/hard/crti.o
 .data          0x0000000000000000        0x0 c:/st/stm32cubeide_1.11.0/stm32cubeide/plugins/com.st.stm32cube.ide.mcu.externaltools.gnu-tools-for-stm32.10.3-2021.10.win32_1.0.100.202210260954/tools/bin/../lib/gcc/arm-none-eabi/10.3.1/thumb/v7e-m+fp/hard/crti.o
[...]
Memory Configuration

Name             Origin             Length             Attributes
RAM              0x0000000020000000 0x0000000000010000 xrw
FLASH            0x0000000008000000 0x0000000000040000 xr
*default*        0x0000000000000000 0xffffffffffffffff

Linker script and memory map

LOAD c:/st/stm32cubeide_1.11.0/stm32cubeide/plugins/com.st.stm32cube.ide.mcu.externaltools.gnu-tools-for-stm32.10.3-2021.10.win32_1.0.100.202210260954/tools/bin/../lib/gcc/arm-none-eabi/10.3.1/thumb/v7e-m+fp/hard/crti.o
LOAD c:/st/stm32cubeide_1.11.0/stm32cubeide/plugins/com.st.stm32cube.ide.mcu.externaltools.gnu-tools-for-stm32.10.3-2021.10.win32_1.0.100.202210260954/tools/bin/../lib/gcc/arm-none-eabi/10.3.1/thumb/v7e-m+fp/hard/crtbegin.o
LOAD c:/st/stm32cubeide_1.11.0/stm32cubeide/plugins/com.st.stm32cube.ide.mcu.externaltools.gnu-tools-for-stm32.10.3-2021.10.win32_1.0.100.202210260954/tools/bin/../lib/gcc/arm-none-eabi/10.3.1/../../../../arm-none-eabi/lib/thumb/v7e-m+fp/hard/crt0.o
LOAD ./Core/Src/main.o
LOAD ./Core/Src/stm32f4xx_hal_msp.o
LOAD ./Core/Src/stm32f4xx_it.o
LOAD ./Core/Src/syscalls.o
LOAD ./Core/Src/sysmem.o
LOAD ./Core/Src/system_stm32f4xx.o
LOAD ./Core/Startup/startup_stm32f401ccux.o
LOAD ./Drivers/STM32F4xx_HAL_Driver/Src/stm32f4xx_hal.o
LOAD ./Drivers/STM32F4xx_HAL_Driver/Src/stm32f4xx_hal_adc.o
LOAD ./Drivers/STM32F4xx_HAL_Driver/Src/stm32f4xx_hal_adc_ex.o
LOAD ./Drivers/STM32F4xx_HAL_Driver/Src/stm32f4xx_hal_cortex.o
LOAD ./Drivers/STM32F4xx_HAL_Driver/Src/stm32f4xx_hal_dma.o
LOAD ./Drivers/STM32F4xx_HAL_Driver/Src/stm32f4xx_hal_dma_ex.o
LOAD ./Drivers/STM32F4xx_HAL_Driver/Src/stm32f4xx_hal_exti.o
LOAD ./Drivers/STM32F4xx_HAL_Driver/Src/stm32f4xx_hal_flash.o
LOAD ./Drivers/STM32F4xx_HAL_Driver/Src/stm32f4xx_hal_flash_ex.o
LOAD ./Drivers/STM32F4xx_HAL_Driver/Src/stm32f4xx_hal_flash_ramfunc.o
LOAD ./Drivers/STM32F4xx_HAL_Driver/Src/stm32f4xx_hal_gpio.o
LOAD ./Drivers/STM32F4xx_HAL_Driver/Src/stm32f4xx_hal_pcd.o
LOAD ./Drivers/STM32F4xx_HAL_Driver/Src/stm32f4xx_hal_pcd_ex.o
LOAD ./Drivers/STM32F4xx_HAL_Driver/Src/stm32f4xx_hal_pwr.o
LOAD ./Drivers/STM32F4xx_HAL_Driver/Src/stm32f4xx_hal_pwr_ex.o
LOAD ./Drivers/STM32F4xx_HAL_Driver/Src/stm32f4xx_hal_rcc.o
LOAD ./Drivers/STM32F4xx_HAL_Driver/Src/stm32f4xx_hal_rcc_ex.o
LOAD ./Drivers/STM32F4xx_HAL_Driver/Src/stm32f4xx_hal_tim.o
LOAD ./Drivers/STM32F4xx_HAL_Driver/Src/stm32f4xx_hal_tim_ex.o
LOAD ./Drivers/STM32F4xx_HAL_Driver/Src/stm32f4xx_hal_uart.o
LOAD ./Drivers/STM32F4xx_HAL_Driver/Src/stm32f4xx_ll_adc.o
LOAD ./Drivers/STM32F4xx_HAL_Driver/Src/stm32f4xx_ll_usb.o
LOAD ./Middlewares/ST/STM32_USB_Device_Library/Class/CDC/Src/usbd_cdc.o
LOAD ./Middlewares/ST/STM32_USB_Device_Library/Core/Src/usbd_core.o
LOAD ./Middlewares/ST/STM32_USB_Device_Library/Core/Src/usbd_ctlreq.o
LOAD ./Middlewares/ST/STM32_USB_Device_Library/Core/Src/usbd_ioreq.o
LOAD ./USB_DEVICE/App/usb_device.o
LOAD ./USB_DEVICE/App/usbd_cdc_if.o
LOAD ./USB_DEVICE/App/usbd_desc.o
LOAD ./USB_DEVICE/Target/usbd_conf.o
START GROUP
LOAD c:/st/stm32cubeide_1.11.0/stm32cubeide/plugins/com.st.stm32cube.ide.mcu.externaltools.gnu-tools-for-stm32.10.3-2021.10.win32_1.0.100.202210260954/tools/bin/../lib/gcc/arm-none-eabi/10.3.1/../../../../arm-none-eabi/lib/thumb/v7e-m+fp/hard\libc_nano.a
LOAD c:/st/stm32cubeide_1.11.0/stm32cubeide/plugins/com.st.stm32cube.ide.mcu.externaltools.gnu-tools-for-stm32.10.3-2021.10.win32_1.0.100.202210260954/tools/bin/../lib/gcc/arm-none-eabi/10.3.1/../../../../arm-none-eabi/lib/thumb/v7e-m+fp/hard\libm.a
END GROUP
START GROUP
LOAD c:/st/stm32cubeide_1.11.0/stm32cubeide/plugins/com.st.stm32cube.ide.mcu.externaltools.gnu-tools-for-stm32.10.3-2021.10.win32_1.0.100.202210260954/tools/bin/../lib/gcc/arm-none-eabi/10.3.1/thumb/v7e-m+fp/hard\libgcc.a
LOAD c:/st/stm32cubeide_1.11.0/stm32cubeide/plugins/com.st.stm32cube.ide.mcu.externaltools.gnu-tools-for-stm32.10.3-2021.10.win32_1.0.100.202210260954/tools/bin/../lib/gcc/arm-none-eabi/10.3.1/../../../../arm-none-eabi/lib/thumb/v7e-m+fp/hard\libc_nano.a
END GROUP
START GROUP
LOAD c:/st/stm32cubeide_1.11.0/stm32cubeide/plugins/com.st.stm32cube.ide.mcu.externaltools.gnu-tools-for-stm32.10.3-2021.10.win32_1.0.100.202210260954/tools/bin/../lib/gcc/arm-none-eabi/10.3.1/thumb/v7e-m+fp/hard\libgcc.a
LOAD c:/st/stm32cubeide_1.11.0/stm32cubeide/plugins/com.st.stm32cube.ide.mcu.externaltools.gnu-tools-for-stm32.10.3-2021.10.win32_1.0.100.202210260954/tools/bin/../lib/gcc/arm-none-eabi/10.3.1/../../../../arm-none-eabi/lib/thumb/v7e-m+fp/hard\libc_nano.a
LOAD c:/st/stm32cubeide_1.11.0/stm32cubeide/plugins/com.st.stm32cube.ide.mcu.externaltools.gnu-tools-for-stm32.10.3-2021.10.win32_1.0.100.202210260954/tools/bin/../lib/gcc/arm-none-eabi/10.3.1/../../../../arm-none-eabi/lib/thumb/v7e-m+fp/hard\libnosys.a
END GROUP
START GROUP
LOAD c:/st/stm32cubeide_1.11.0/stm32cubeide/plugins/com.st.stm32cube.ide.mcu.externaltools.gnu-tools-for-stm32.10.3-2021.10.win32_1.0.100.202210260954/tools/bin/../lib/gcc/arm-none-eabi/10.3.1/thumb/v7e-m+fp/hard\libgcc.a
LOAD c:/st/stm32cubeide_1.11.0/stm32cubeide/plugins/com.st.stm32cube.ide.mcu.externaltools.gnu-tools-for-stm32.10.3-2021.10.win32_1.0.100.202210260954/tools/bin/../lib/gcc/arm-none-eabi/10.3.1/../../../../arm-none-eabi/lib/thumb/v7e-m+fp/hard\libc_nano.a
LOAD c:/st/stm32cubeide_1.11.0/stm32cubeide/plugins/com.st.stm32cube.ide.mcu.externaltools.gnu-tools-for-stm32.10.3-2021.10.win32_1.0.100.202210260954/tools/bin/../lib/gcc/arm-none-eabi/10.3.1/../../../../arm-none-eabi/lib/thumb/v7e-m+fp/hard\libnosys.a
END GROUP
LOAD c:/st/stm32cubeide_1.11.0/stm32cubeide/plugins/com.st.stm32cube.ide.mcu.externaltools.gnu-tools-for-stm32.10.3-2021.10.win32_1.0.100.202210260954/tools/bin/../lib/gcc/arm-none-eabi/10.3.1/thumb/v7e-m+fp/hard/crtend.o
LOAD c:/st/stm32cubeide_1.11.0/stm32cubeide/plugins/com.st.stm32cube.ide.mcu.externaltools.gnu-tools-for-stm32.10.3-2021.10.win32_1.0.100.202210260954/tools/bin/../lib/gcc/arm-none-eabi/10.3.1/thumb/v7e-m+fp/hard/crtn.o
                0x0000000020010000                _estack = (ORIGIN (RAM) + LENGTH (RAM))
                0x0000000000000200                _Min_Heap_Size = 0x200
                0x0000000000000400                _Min_Stack_Size = 0x400

.isr_vector     0x0000000008000000      0x194
                0x0000000008000000                . = ALIGN (0x4)
 *(.isr_vector)
 .isr_vector    0x0000000008000000      0x194 ./Core/Startup/startup_stm32f401ccux.o
                0x0000000008000000                g_pfnVectors
                0x0000000008000194                . = ALIGN (0x4)

.text           0x0000000008000194     0xb0d4
                0x0000000008000194                . = ALIGN (0x4)
 *(.text)
 .text          0x0000000008000194       0x40 c:/st/stm32cubeide_1.11.0/stm32cubeide/plugins/com.st.stm32cube.ide.mcu.externaltools.gnu-tools-for-stm32.10.3-2021.10.win32_1.0.100.202210260954/tools/bin/../lib/gcc/arm-none-eabi/10.3.1/thumb/v7e-m+fp/hard/crtbegin.o
 .text          0x00000000080001d4       0x10 c:/st/stm32cubeide_1.11.0/stm32cubeide/plugins/com.st.stm32cube.ide.mcu.externaltools.gnu-tools-for-stm32.10.3-2021.10.win32_1.0.100.202210260954/tools/bin/../lib/gcc/arm-none-eabi/10.3.1/../../../../arm-none-eabi/lib/thumb/v7e-m+fp/hard\libc_nano.a(lib_a-strlen.o)
                0x00000000080001d4                strlen
 .text          0x00000000080001e4       0x30 c:/st/stm32cubeide_1.11.0/stm32cubeide/plugins/com.st.stm32cube.ide.mcu.externaltools.gnu-tools-for-stm32.10.3-2021.10.win32_1.0.100.202210260954/tools/bin/../lib/gcc/arm-none-eabi/10.3.1/thumb/v7e-m+fp/hard\libgcc.a(_aeabi_uldivmod.o)
                0x00000000080001e4                __aeabi_uldivmod
 .text          0x0000000008000214      0x2d0 c:/st/stm32cubeide_1.11.0/stm32cubeide/plugins/com.st.stm32cube.ide.mcu.externaltools.gnu-tools-for-stm32.10.3-2021.10.win32_1.0.100.202210260954/tools/bin/../lib/gcc/arm-none-eabi/10.3.1/thumb/v7e-m+fp/hard\libgcc.a(_udivmoddi4.o)
                0x0000000008000214                __udivmoddi4
 .text          0x00000000080004e4        0x4 c:/st/stm32cubeide_1.11.0/stm32cubeide/plugins/com.st.stm32cube.ide.mcu.externaltools.gnu-tools-for-stm32.10.3-2021.10.win32_1.0.100.202210260954/tools/bin/../lib/gcc/arm-none-eabi/10.3.1/thumb/v7e-m+fp/hard\libgcc.a(_dvmd_tls.o)
                0x00000000080004e4                __aeabi_idiv0
                0x00000000080004e4                __aeabi_ldiv0
 *(.text*)
 .text.main     0x00000000080004e8       0x7c ./Core/Src/main.o
                0x00000000080004e8                main
 .text.SystemClock_Config
                0x0000000008000564       0xd8 ./Core/Src/main.o
                0x0000000008000564                SystemClock_Config
 .text.MX_ADC1_Init
                0x000000000800063c      0x150 ./Core/Src/main.o
 .text.MX_TIM2_Init
                0x000000000800078c       0x98 ./Core/Src/main.o
 .text.MX_TIM3_Init
                0x0000000008000824      0x104 ./Core/Src/main.o
 .text.MX_USART1_UART_Init
                0x0000000008000928       0x54 ./Core/Src/main.o
 .text.MX_DMA_Init
                0x000000000800097c       0x40 ./Core/Src/main.o
 .text.MX_GPIO_Init
                0x00000000080009bc       0xf0 ./Core/Src/main.o
 .text.HAL_TIM_PeriodElapsedCallback
                0x0000000008000aac       0x48 ./Core/Src/main.o
                0x0000000008000aac                HAL_TIM_PeriodElapsedCallback
 .text.ledHandle1
                0x0000000008000af4       0xbc ./Core/Src/main.o
                0x0000000008000af4                ledHandle1
 .text.ledHandle2
                0x0000000008000bb0       0xbc ./Core/Src/main.o
                0x0000000008000bb0                ledHandle2
 .text.ledHandle3
                0x0000000008000c6c       0xbc ./Core/Src/main.o
                0x0000000008000c6c                ledHandle3
 .text.ledHandle4
                0x0000000008000d28       0xbc ./Core/Src/main.o
                0x0000000008000d28                ledHandle4
 .text.ledHandler
                0x0000000008000de4       0x18 ./Core/Src/main.o
                0x0000000008000de4                ledHandler
 .text.rutinaCalibracion
                0x0000000008000dfc      0x154 ./Core/Src/main.o
                0x0000000008000dfc                rutinaCalibracion
 .text.motorDerecho
                0x0000000008000f50       0x88 ./Core/Src/main.o
                0x0000000008000f50                motorDerecho
 .text.motorIzquierdo
                0x0000000008000fd8       0x88 ./Core/Src/main.o
                0x0000000008000fd8                motorIzquierdo
 .text.rutinaPosicion
                0x0000000008001060      0x19c ./Core/Src/main.o
                0x0000000008001060                rutinaPosicion
 .text.seguidorLinea
                0x00000000080011fc      0x1e8 ./Core/Src/main.o
                0x00000000080011fc                seguidorLinea
 .text.seguidorHandler
                0x00000000080013e4       0x5c ./Core/Src/main.o
                0x00000000080013e4                seguidorHandler
 .text.enviarQT
                0x0000000008001440       0xc8 ./Core/Src/main.o
                0x0000000008001440                enviarQT
 .text.llegaDato
                0x0000000008001508      0x108 ./Core/Src/main.o
                0x0000000008001508                llegaDato
 .text.cuentaHandler
                0x0000000008001610       0x84 ./Core/Src/main.o
                0x0000000008001610                cuentaHandler
 .text.Error_Handler
                0x0000000008001694        0xa ./Core/Src/main.o
                0x0000000008001694                Error_Handler
 *fill*         0x000000000800169e        0x2 
 .text.HAL_MspInit
                0x00000000080016a0       0x50 ./Core/Src/stm32f4xx_hal_msp.o
                0x00000000080016a0                HAL_MspInit
 .text.HAL_ADC_MspInit
                0x00000000080016f0       0xf0 ./Core/Src/stm32f4xx_hal_msp.o
                0x00000000080016f0                HAL_ADC_MspInit
 .text.HAL_TIM_Base_MspInit
                0x00000000080017e0       0x88 ./Core/Src/stm32f4xx_hal_msp.o
                0x00000000080017e0                HAL_TIM_Base_MspInit
 .text.HAL_TIM_MspPostInit
                0x0000000008001868       0xb4 ./Core/Src/stm32f4xx_hal_msp.o
                0x0000000008001868                HAL_TIM_MspPostInit
 .text.HAL_UART_MspInit
                0x000000000800191c       0xa0 ./Core/Src/stm32f4xx_hal_msp.o
                0x000000000800191c                HAL_UART_MspInit
 .text.NMI_Handler
                0x00000000080019bc        0x6 ./Core/Src/stm32f4xx_it.o
                0x00000000080019bc                NMI_Handler
 .text.HardFault_Handler
                0x00000000080019c2        0x6 ./Core/Src/stm32f4xx_it.o
                0x00000000080019c2                HardFault_Handler
 .text.MemManage_Handler
                0x00000000080019c8        0x6 ./Core/Src/stm32f4xx_it.o
                0x00000000080019c8                MemManage_Handler
 .text.BusFault_Handler
                0x00000000080019ce        0x6 ./Core/Src/stm32f4xx_it.o
                0x00000000080019ce                BusFault_Handler
 .text.UsageFault_Handler
                0x00000000080019d4        0x6 ./Core/Src/stm32f4xx_it.o
                0x00000000080019d4                UsageFault_Handler
 .text.SVC_Handler
                0x00000000080019da        0xe ./Core/Src/stm32f4xx_it.o
                0x00000000080019da                SVC_Handler
 .text.DebugMon_Handler
                0x00000000080019e8        0xe ./Core/Src/stm32f4xx_it.o
                0x00000000080019e8                DebugMon_Handler
 .text.PendSV_Handler
                0x00000000080019f6        0xe ./Core/Src/stm32f4xx_it.o
                0x00000000080019f6                PendSV_Handler
 .text.SysTick_Handler
                0x0000000008001a04        0xc ./Core/Src/stm32f4xx_it.o
                0x0000000008001a04                SysTick_Handler
 .text.TIM2_IRQHandler
                0x0000000008001a10       0x14 ./Core/Src/stm32f4xx_it.o
                0x0000000008001a10                TIM2_IRQHandler
 .text.TIM3_IRQHandler
                0x0000000008001a24       0x14 ./Core/Src/stm32f4xx_it.o
                0x0000000008001a24                TIM3_IRQHandler
 .text.USART1_IRQHandler
                0x0000000008001a38       0x14 ./Core/Src/stm32f4xx_it.o
                0x0000000008001a38                USART1_IRQHandler
 .text.DMA2_Stream0_IRQHandler
                0x0000000008001a4c       0x14 ./Core/Src/stm32f4xx_it.o
                0x0000000008001a4c                DMA2_Stream0_IRQHandler
 .text.OTG_FS_IRQHandler
                0x0000000008001a60       0x14 ./Core/Src/stm32f4xx_it.o
                0x0000000008001a60                OTG_FS_IRQHandler
 .text.SystemInit
                0x0000000008001a74       0x24 ./Core/Src/system_stm32f4xx.o
                0x0000000008001a74                SystemInit
 .text.Reset_Handler
                0x0000000008001a98       0x50 ./Core/Startup/startup_stm32f401ccux.o
                0x0000000008001a98                Reset_Handler
 .text.Default_Handler
                0x0000000008001ae8        0x2 ./Core/Startup/startup_stm32f401ccux.o
                0x0000000008001ae8                RTC_Alarm_IRQHandler
                0x0000000008001ae8                EXTI2_IRQHandler
                0x0000000008001ae8                SPI4_IRQHandler
                0x0000000008001ae8                TIM1_CC_IRQHandler
                0x0000000008001ae8                DMA2_Stream5_IRQHandler
                0x0000000008001ae8                DMA1_Stream5_IRQHandler
                0x0000000008001ae8                PVD_IRQHandler
                0x0000000008001ae8                SDIO_IRQHandler
                0x0000000008001ae8                TAMP_STAMP_IRQHandler
                0x0000000008001ae8                EXTI3_IRQHandler
                0x0000000008001ae8                TIM1_UP_TIM10_IRQHandler
                0x0000000008001ae8                I2C3_ER_IRQHandler
                0x0000000008001ae8                EXTI0_IRQHandler
                0x0000000008001ae8                I2C2_EV_IRQHandler
                0x0000000008001ae8                DMA1_Stream2_IRQHandler
                0x0000000008001ae8                FPU_IRQHandler
                0x0000000008001ae8                DMA2_Stream2_IRQHandler
                0x0000000008001ae8                SPI1_IRQHandler
                0x0000000008001ae8                TIM1_BRK_TIM9_IRQHandler
                0x0000000008001ae8                DMA2_Stream3_IRQHandler
                0x0000000008001ae8                USART6_IRQHandler
                0x0000000008001ae8                TIM4_IRQHandler
                0x0000000008001ae8                I2C1_EV_IRQHandler
                0x0000000008001ae8                DMA1_Stream6_IRQHandler
                0x0000000008001ae8                DMA1_Stream1_IRQHandler
                0x0000000008001ae8                RCC_IRQHandler
                0x0000000008001ae8                Default_Handler
                0x0000000008001ae8                EXTI15_10_IRQHandler
                0x0000000008001ae8                ADC_IRQHandler
                0x0000000008001ae8                DMA1_Stream7_IRQHandler
                0x0000000008001ae8                TIM5_IRQHandler
                0x0000000008001ae8                DMA2_Stream7_IRQHandler
                0x0000000008001ae8                I2C3_EV_IRQHandler
                0x0000000008001ae8                EXTI9_5_IRQHandler
                0x0000000008001ae8                RTC_WKUP_IRQHandler
                0x0000000008001ae8                SPI2_IRQHandler
                0x0000000008001ae8                DMA1_Stream0_IRQHandler
                0x0000000008001ae8                EXTI4_IRQHandler
                0x0000000008001ae8                WWDG_IRQHandler
                0x0000000008001ae8                OTG_FS_WKUP_IRQHandler
                0x0000000008001ae8                TIM1_TRG_COM_TIM11_IRQHandler
                0x0000000008001ae8                EXTI1_IRQHandler
                0x0000000008001ae8                USART2_IRQHandler
                0x0000000008001ae8                I2C2_ER_IRQHandler
                0x0000000008001ae8                DMA2_Stream1_IRQHandler
                0x0000000008001ae8                FLASH_IRQHandler
                0x0000000008001ae8                DMA2_Stream4_IRQHandler
                0x0000000008001ae8                SPI3_IRQHandler
                0x0000000008001ae8                DMA1_Stream4_IRQHandler
                0x0000000008001ae8                I2C1_ER_IRQHandler
                0x0000000008001ae8                DMA2_Stream6_IRQHandler
                0x0000000008001ae8                DMA1_Stream3_IRQHandler
 *fill*         0x0000000008001aea        0x2 
 .text.HAL_Init
                0x0000000008001aec       0x44 ./Drivers/STM32F4xx_HAL_Driver/Src/stm32f4xx_hal.o
                0x0000000008001aec                HAL_Init
 .text.HAL_InitTick
                0x0000000008001b30       0x60 ./Drivers/STM32F4xx_HAL_Driver/Src/stm32f4xx_hal.o
                0x0000000008001b30                HAL_InitTick
 .text.HAL_IncTick
                0x0000000008001b90       0x28 ./Drivers/STM32F4xx_HAL_Driver/Src/stm32f4xx_hal.o
                0x0000000008001b90                HAL_IncTick
 .text.HAL_GetTick
                0x0000000008001bb8       0x18 ./Drivers/STM32F4xx_HAL_Driver/Src/stm32f4xx_hal.o
                0x0000000008001bb8                HAL_GetTick
 .text.HAL_Delay
                0x0000000008001bd0       0x48 ./Drivers/STM32F4xx_HAL_Driver/Src/stm32f4xx_hal.o
                0x0000000008001bd0                HAL_Delay
 .text.HAL_ADC_Init
                0x0000000008001c18       0x86 ./Drivers/STM32F4xx_HAL_Driver/Src/stm32f4xx_hal_adc.o
                0x0000000008001c18                HAL_ADC_Init
 *fill*         0x0000000008001c9e        0x2 
 .text.HAL_ADC_Start_DMA
                0x0000000008001ca0      0x1e0 ./Drivers/STM32F4xx_HAL_Driver/Src/stm32f4xx_hal_adc.o
                0x0000000008001ca0                HAL_ADC_Start_DMA
 .text.HAL_ADC_ConvCpltCallback
                0x0000000008001e80       0x14 ./Drivers/STM32F4xx_HAL_Driver/Src/stm32f4xx_hal_adc.o
                0x0000000008001e80                HAL_ADC_ConvCpltCallback
 .text.HAL_ADC_ConvHalfCpltCallback
                0x0000000008001e94       0x14 ./Drivers/STM32F4xx_HAL_Driver/Src/stm32f4xx_hal_adc.o
                0x0000000008001e94                HAL_ADC_ConvHalfCpltCallback
 .text.HAL_ADC_ErrorCallback
                0x0000000008001ea8       0x14 ./Drivers/STM32F4xx_HAL_Driver/Src/stm32f4xx_hal_adc.o
                0x0000000008001ea8                HAL_ADC_ErrorCallback
 .text.HAL_ADC_ConfigChannel
                0x0000000008001ebc      0x244 ./Drivers/STM32F4xx_HAL_Driver/Src/stm32f4xx_hal_adc.o
                0x0000000008001ebc                HAL_ADC_ConfigChannel
 .text.ADC_Init
                0x0000000008002100      0x1f8 ./Drivers/STM32F4xx_HAL_Driver/Src/stm32f4xx_hal_adc.o
 .text.ADC_DMAConvCplt
                0x00000000080022f8       0xba ./Drivers/STM32F4xx_HAL_Driver/Src/stm32f4xx_hal_adc.o
 .text.ADC_DMAHalfConvCplt
                0x00000000080023b2       0x1c ./Drivers/STM32F4xx_HAL_Driver/Src/stm32f4xx_hal_adc.o
 .text.ADC_DMAError
                0x00000000080023ce       0x2e ./Drivers/STM32F4xx_HAL_Driver/Src/stm32f4xx_hal_adc.o
 .text.__NVIC_SetPriorityGrouping
                0x00000000080023fc       0x48 ./Drivers/STM32F4xx_HAL_Driver/Src/stm32f4xx_hal_cortex.o
 .text.__NVIC_GetPriorityGrouping
                0x0000000008002444       0x1c ./Drivers/STM32F4xx_HAL_Driver/Src/stm32f4xx_hal_cortex.o
 .text.__NVIC_EnableIRQ
                0x0000000008002460       0x3c ./Drivers/STM32F4xx_HAL_Driver/Src/stm32f4xx_hal_cortex.o
 .text.__NVIC_SetPriority
                0x000000000800249c       0x54 ./Drivers/STM32F4xx_HAL_Driver/Src/stm32f4xx_hal_cortex.o
 .text.NVIC_EncodePriority
                0x00000000080024f0       0x66 ./Drivers/STM32F4xx_HAL_Driver/Src/stm32f4xx_hal_cortex.o
 *fill*         0x0000000008002556        0x2 
 .text.SysTick_Config
                0x0000000008002558       0x44 ./Drivers/STM32F4xx_HAL_Driver/Src/stm32f4xx_hal_cortex.o
 .text.HAL_NVIC_SetPriorityGrouping
                0x000000000800259c       0x16 ./Drivers/STM32F4xx_HAL_Driver/Src/stm32f4xx_hal_cortex.o
                0x000000000800259c                HAL_NVIC_SetPriorityGrouping
 .text.HAL_NVIC_SetPriority
                0x00000000080025b2       0x38 ./Drivers/STM32F4xx_HAL_Driver/Src/stm32f4xx_hal_cortex.o
                0x00000000080025b2                HAL_NVIC_SetPriority
 .text.HAL_NVIC_EnableIRQ
                0x00000000080025ea       0x1c ./Drivers/STM32F4xx_HAL_Driver/Src/stm32f4xx_hal_cortex.o
                0x00000000080025ea                HAL_NVIC_EnableIRQ
 .text.HAL_SYSTICK_Config
                0x0000000008002606       0x18 ./Drivers/STM32F4xx_HAL_Driver/Src/stm32f4xx_hal_cortex.o
                0x0000000008002606                HAL_SYSTICK_Config
 *fill*         0x000000000800261e        0x2 
 .text.HAL_DMA_Init
                0x0000000008002620      0x15c ./Drivers/STM32F4xx_HAL_Driver/Src/stm32f4xx_hal_dma.o
                0x0000000008002620                HAL_DMA_Init
 .text.HAL_DMA_Start_IT
                0x000000000800277c       0xb0 ./Drivers/STM32F4xx_HAL_Driver/Src/stm32f4xx_hal_dma.o
                0x000000000800277c                HAL_DMA_Start_IT
 .text.HAL_DMA_Abort
                0x000000000800282c       0xe0 ./Drivers/STM32F4xx_HAL_Driver/Src/stm32f4xx_hal_dma.o
                0x000000000800282c                HAL_DMA_Abort
 .text.HAL_DMA_Abort_IT
                0x000000000800290c       0x44 ./Drivers/STM32F4xx_HAL_Driver/Src/stm32f4xx_hal_dma.o
                0x000000000800290c                HAL_DMA_Abort_IT
 .text.HAL_DMA_IRQHandler
                0x0000000008002950      0x314 ./Drivers/STM32F4xx_HAL_Driver/Src/stm32f4xx_hal_dma.o
                0x0000000008002950                HAL_DMA_IRQHandler
 .text.DMA_SetConfig
                0x0000000008002c64       0x5c ./Drivers/STM32F4xx_HAL_Driver/Src/stm32f4xx_hal_dma.o
 .text.DMA_CalcBaseAndBitshift
                0x0000000008002cc0       0x6c ./Drivers/STM32F4xx_HAL_Driver/Src/stm32f4xx_hal_dma.o
 .text.DMA_CheckFifoParam
                0x0000000008002d2c       0xf8 ./Drivers/STM32F4xx_HAL_Driver/Src/stm32f4xx_hal_dma.o
 .text.HAL_GPIO_Init
                0x0000000008002e24      0x308 ./Drivers/STM32F4xx_HAL_Driver/Src/stm32f4xx_hal_gpio.o
                0x0000000008002e24                HAL_GPIO_Init
 .text.HAL_GPIO_WritePin
                0x000000000800312c       0x32 ./Drivers/STM32F4xx_HAL_Driver/Src/stm32f4xx_hal_gpio.o
                0x000000000800312c                HAL_GPIO_WritePin
 .text.HAL_GPIO_TogglePin
                0x000000000800315e       0x34 ./Drivers/STM32F4xx_HAL_Driver/Src/stm32f4xx_hal_gpio.o
                0x000000000800315e                HAL_GPIO_TogglePin
 .text.HAL_PCD_Init
                0x0000000008003192      0x23a ./Drivers/STM32F4xx_HAL_Driver/Src/stm32f4xx_hal_pcd.o
                0x0000000008003192                HAL_PCD_Init
 .text.HAL_PCD_Start
                0x00000000080033cc       0x66 ./Drivers/STM32F4xx_HAL_Driver/Src/stm32f4xx_hal_pcd.o
                0x00000000080033cc                HAL_PCD_Start
 .text.HAL_PCD_IRQHandler
                0x0000000008003432      0x93e ./Drivers/STM32F4xx_HAL_Driver/Src/stm32f4xx_hal_pcd.o
                0x0000000008003432                HAL_PCD_IRQHandler
 .text.HAL_PCD_SetAddress
                0x0000000008003d70       0x4a ./Drivers/STM32F4xx_HAL_Driver/Src/stm32f4xx_hal_pcd.o
                0x0000000008003d70                HAL_PCD_SetAddress
 .text.HAL_PCD_EP_Open
                0x0000000008003dba       0xd0 ./Drivers/STM32F4xx_HAL_Driver/Src/stm32f4xx_hal_pcd.o
                0x0000000008003dba                HAL_PCD_EP_Open
 .text.HAL_PCD_EP_Close
                0x0000000008003e8a       0x94 ./Drivers/STM32F4xx_HAL_Driver/Src/stm32f4xx_hal_pcd.o
                0x0000000008003e8a                HAL_PCD_EP_Close
 .text.HAL_PCD_EP_Receive
                0x0000000008003f1e       0x96 ./Drivers/STM32F4xx_HAL_Driver/Src/stm32f4xx_hal_pcd.o
                0x0000000008003f1e                HAL_PCD_EP_Receive
 .text.HAL_PCD_EP_GetRxCount
                0x0000000008003fb4       0x30 ./Drivers/STM32F4xx_HAL_Driver/Src/stm32f4xx_hal_pcd.o
                0x0000000008003fb4                HAL_PCD_EP_GetRxCount
 .text.HAL_PCD_EP_Transmit
                0x0000000008003fe4       0x94 ./Drivers/STM32F4xx_HAL_Driver/Src/stm32f4xx_hal_pcd.o
                0x0000000008003fe4                HAL_PCD_EP_Transmit
 .text.HAL_PCD_EP_SetStall
                0x0000000008004078       0xc8 ./Drivers/STM32F4xx_HAL_Driver/Src/stm32f4xx_hal_pcd.o
                0x0000000008004078                HAL_PCD_EP_SetStall
 .text.HAL_PCD_EP_ClrStall
                0x0000000008004140       0xac ./Drivers/STM32F4xx_HAL_Driver/Src/stm32f4xx_hal_pcd.o
                0x0000000008004140                HAL_PCD_EP_ClrStall
 .text.HAL_PCD_EP_Abort
                0x00000000080041ec       0x62 ./Drivers/STM32F4xx_HAL_Driver/Src/stm32f4xx_hal_pcd.o
                0x00000000080041ec                HAL_PCD_EP_Abort
 .text.PCD_WriteEmptyTxFifo
                0x000000000800424e      0x11a ./Drivers/STM32F4xx_HAL_Driver/Src/stm32f4xx_hal_pcd.o
 .text.PCD_EP_OutXfrComplete_int
                0x0000000008004368      0x1d0 ./Drivers/STM32F4xx_HAL_Driver/Src/stm32f4xx_hal_pcd.o
 .text.PCD_EP_OutSetupPacket_int
                0x0000000008004538       0x8c ./Drivers/STM32F4xx_HAL_Driver/Src/stm32f4xx_hal_pcd.o
 .text.HAL_PCDEx_SetTxFiFo
                0x00000000080045c4       0x8e ./Drivers/STM32F4xx_HAL_Driver/Src/stm32f4xx_hal_pcd_ex.o
                0x00000000080045c4                HAL_PCDEx_SetTxFiFo
 .text.HAL_PCDEx_SetRxFiFo
                0x0000000008004652       0x22 ./Drivers/STM32F4xx_HAL_Driver/Src/stm32f4xx_hal_pcd_ex.o
                0x0000000008004652                HAL_PCDEx_SetRxFiFo
 .text.HAL_PCDEx_LPM_Callback
                0x0000000008004674       0x18 ./Drivers/STM32F4xx_HAL_Driver/Src/stm32f4xx_hal_pcd_ex.o
                0x0000000008004674                HAL_PCDEx_LPM_Callback
 .text.HAL_RCC_OscConfig
                0x000000000800468c      0x4f0 ./Drivers/STM32F4xx_HAL_Driver/Src/stm32f4xx_hal_rcc.o
                0x000000000800468c                HAL_RCC_OscConfig
 .text.HAL_RCC_ClockConfig
                0x0000000008004b7c      0x1cc ./Drivers/STM32F4xx_HAL_Driver/Src/stm32f4xx_hal_rcc.o
                0x0000000008004b7c                HAL_RCC_ClockConfig
 .text.HAL_RCC_GetSysClockFreq
                0x0000000008004d48      0x18c ./Drivers/STM32F4xx_HAL_Driver/Src/stm32f4xx_hal_rcc.o
                0x0000000008004d48                HAL_RCC_GetSysClockFreq
 .text.HAL_RCC_GetHCLKFreq
                0x0000000008004ed4       0x18 ./Drivers/STM32F4xx_HAL_Driver/Src/stm32f4xx_hal_rcc.o
                0x0000000008004ed4                HAL_RCC_GetHCLKFreq
 .text.HAL_RCC_GetPCLK1Freq
                0x0000000008004eec       0x28 ./Drivers/STM32F4xx_HAL_Driver/Src/stm32f4xx_hal_rcc.o
                0x0000000008004eec                HAL_RCC_GetPCLK1Freq
 .text.HAL_RCC_GetPCLK2Freq
                0x0000000008004f14       0x28 ./Drivers/STM32F4xx_HAL_Driver/Src/stm32f4xx_hal_rcc.o
                0x0000000008004f14                HAL_RCC_GetPCLK2Freq
 .text.HAL_TIM_Base_Init
                0x0000000008004f3c       0x9e ./Drivers/STM32F4xx_HAL_Driver/Src/stm32f4xx_hal_tim.o
                0x0000000008004f3c                HAL_TIM_Base_Init
 *fill*         0x0000000008004fda        0x2 
 .text.HAL_TIM_Base_Start
                0x0000000008004fdc       0xb4 ./Drivers/STM32F4xx_HAL_Driver/Src/stm32f4xx_hal_tim.o
                0x0000000008004fdc                HAL_TIM_Base_Start
 .text.HAL_TIM_Base_Start_IT
                0x0000000008005090       0xc4 ./Drivers/STM32F4xx_HAL_Driver/Src/stm32f4xx_hal_tim.o
                0x0000000008005090                HAL_TIM_Base_Start_IT
 .text.HAL_TIM_PWM_Init
                0x0000000008005154       0x9e ./Drivers/STM32F4xx_HAL_Driver/Src/stm32f4xx_hal_tim.o
                0x0000000008005154                HAL_TIM_PWM_Init
 .text.HAL_TIM_PWM_MspInit
                0x00000000080051f2       0x14 ./Drivers/STM32F4xx_HAL_Driver/Src/stm32f4xx_hal_tim.o
                0x00000000080051f2                HAL_TIM_PWM_MspInit
 *fill*         0x0000000008005206        0x2 
 .text.HAL_TIM_PWM_Start
                0x0000000008005208      0x160 ./Drivers/STM32F4xx_HAL_Driver/Src/stm32f4xx_hal_tim.o
                0x0000000008005208                HAL_TIM_PWM_Start
 .text.HAL_TIM_IRQHandler
                0x0000000008005368      0x210 ./Drivers/STM32F4xx_HAL_Driver/Src/stm32f4xx_hal_tim.o
                0x0000000008005368                HAL_TIM_IRQHandler
 .text.HAL_TIM_PWM_ConfigChannel
                0x0000000008005578      0x184 ./Drivers/STM32F4xx_HAL_Driver/Src/stm32f4xx_hal_tim.o
                0x0000000008005578                HAL_TIM_PWM_ConfigChannel
 .text.HAL_TIM_ConfigClockSource
                0x00000000080056fc      0x18e ./Drivers/STM32F4xx_HAL_Driver/Src/stm32f4xx_hal_tim.o
                0x00000000080056fc                HAL_TIM_ConfigClockSource
 .text.HAL_TIM_OC_DelayElapsedCallback
                0x000000000800588a       0x14 ./Drivers/STM32F4xx_HAL_Driver/Src/stm32f4xx_hal_tim.o
                0x000000000800588a                HAL_TIM_OC_DelayElapsedCallback
 .text.HAL_TIM_IC_CaptureCallback
                0x000000000800589e       0x14 ./Drivers/STM32F4xx_HAL_Driver/Src/stm32f4xx_hal_tim.o
                0x000000000800589e                HAL_TIM_IC_CaptureCallback
 .text.HAL_TIM_PWM_PulseFinishedCallback
                0x00000000080058b2       0x14 ./Drivers/STM32F4xx_HAL_Driver/Src/stm32f4xx_hal_tim.o
                0x00000000080058b2                HAL_TIM_PWM_PulseFinishedCallback
 .text.HAL_TIM_TriggerCallback
                0x00000000080058c6       0x14 ./Drivers/STM32F4xx_HAL_Driver/Src/stm32f4xx_hal_tim.o
                0x00000000080058c6                HAL_TIM_TriggerCallback
 *fill*         0x00000000080058da        0x2 
 .text.TIM_Base_SetConfig
                0x00000000080058dc      0x100 ./Drivers/STM32F4xx_HAL_Driver/Src/stm32f4xx_hal_tim.o
                0x00000000080058dc                TIM_Base_SetConfig
 .text.TIM_OC1_SetConfig
                0x00000000080059dc       0xcc ./Drivers/STM32F4xx_HAL_Driver/Src/stm32f4xx_hal_tim.o
 .text.TIM_OC2_SetConfig
                0x0000000008005aa8       0xd8 ./Drivers/STM32F4xx_HAL_Driver/Src/stm32f4xx_hal_tim.o
                0x0000000008005aa8                TIM_OC2_SetConfig
 .text.TIM_OC3_SetConfig
                0x0000000008005b80       0xd4 ./Drivers/STM32F4xx_HAL_Driver/Src/stm32f4xx_hal_tim.o
 .text.TIM_OC4_SetConfig
                0x0000000008005c54       0xa0 ./Drivers/STM32F4xx_HAL_Driver/Src/stm32f4xx_hal_tim.o
 .text.TIM_TI1_ConfigInputStage
                0x0000000008005cf4       0x5e ./Drivers/STM32F4xx_HAL_Driver/Src/stm32f4xx_hal_tim.o
 .text.TIM_TI2_ConfigInputStage
                0x0000000008005d52       0x60 ./Drivers/STM32F4xx_HAL_Driver/Src/stm32f4xx_hal_tim.o
 .text.TIM_ITRx_SetConfig
                0x0000000008005db2       0x36 ./Drivers/STM32F4xx_HAL_Driver/Src/stm32f4xx_hal_tim.o
 .text.TIM_ETR_SetConfig
                0x0000000008005de8       0x40 ./Drivers/STM32F4xx_HAL_Driver/Src/stm32f4xx_hal_tim.o
                0x0000000008005de8                TIM_ETR_SetConfig
 .text.TIM_CCxChannelCmd
                0x0000000008005e28       0x4a ./Drivers/STM32F4xx_HAL_Driver/Src/stm32f4xx_hal_tim.o
                0x0000000008005e28                TIM_CCxChannelCmd
 *fill*         0x0000000008005e72        0x2 
 .text.HAL_TIMEx_MasterConfigSynchronization
                0x0000000008005e74       0xdc ./Drivers/STM32F4xx_HAL_Driver/Src/stm32f4xx_hal_tim_ex.o
                0x0000000008005e74                HAL_TIMEx_MasterConfigSynchronization
 .text.HAL_TIMEx_CommutCallback
                0x0000000008005f50       0x14 ./Drivers/STM32F4xx_HAL_Driver/Src/stm32f4xx_hal_tim_ex.o
                0x0000000008005f50                HAL_TIMEx_CommutCallback
 .text.HAL_TIMEx_BreakCallback
                0x0000000008005f64       0x14 ./Drivers/STM32F4xx_HAL_Driver/Src/stm32f4xx_hal_tim_ex.o
                0x0000000008005f64                HAL_TIMEx_BreakCallback
 .text.HAL_UART_Init
                0x0000000008005f78       0x9a ./Drivers/STM32F4xx_HAL_Driver/Src/stm32f4xx_hal_uart.o
                0x0000000008005f78                HAL_UART_Init
 .text.HAL_UART_Transmit
                0x0000000008006012      0x124 ./Drivers/STM32F4xx_HAL_Driver/Src/stm32f4xx_hal_uart.o
                0x0000000008006012                HAL_UART_Transmit
 *fill*         0x0000000008006136        0x2 
 .text.HAL_UART_IRQHandler
                0x0000000008006138      0x51c ./Drivers/STM32F4xx_HAL_Driver/Src/stm32f4xx_hal_uart.o
                0x0000000008006138                HAL_UART_IRQHandler
 .text.HAL_UART_TxCpltCallback
                0x0000000008006654       0x14 ./Drivers/STM32F4xx_HAL_Driver/Src/stm32f4xx_hal_uart.o
                0x0000000008006654                HAL_UART_TxCpltCallback
 .text.HAL_UART_RxCpltCallback
                0x0000000008006668       0x14 ./Drivers/STM32F4xx_HAL_Driver/Src/stm32f4xx_hal_uart.o
                0x0000000008006668                HAL_UART_RxCpltCallback
 .text.HAL_UART_ErrorCallback
                0x000000000800667c       0x14 ./Drivers/STM32F4xx_HAL_Driver/Src/stm32f4xx_hal_uart.o
                0x000000000800667c                HAL_UART_ErrorCallback
 .text.HAL_UARTEx_RxEventCallback
                0x0000000008006690       0x18 ./Drivers/STM32F4xx_HAL_Driver/Src/stm32f4xx_hal_uart.o
                0x0000000008006690                HAL_UARTEx_RxEventCallback
 .text.UART_WaitOnFlagUntilTimeout
                0x00000000080066a8       0xdc ./Drivers/STM32F4xx_HAL_Driver/Src/stm32f4xx_hal_uart.o
 .text.UART_EndRxTransfer
                0x0000000008006784       0xc6 ./Drivers/STM32F4xx_HAL_Driver/Src/stm32f4xx_hal_uart.o
 .text.UART_DMAAbortOnError
                0x000000000800684a       0x28 ./Drivers/STM32F4xx_HAL_Driver/Src/stm32f4xx_hal_uart.o
 .text.UART_Transmit_IT
                0x0000000008006872       0xa0 ./Drivers/STM32F4xx_HAL_Driver/Src/stm32f4xx_hal_uart.o
 .text.UART_EndTransmit_IT
                0x0000000008006912       0x30 ./Drivers/STM32F4xx_HAL_Driver/Src/stm32f4xx_hal_uart.o
 .text.UART_Receive_IT
                0x0000000008006942      0x176 ./Drivers/STM32F4xx_HAL_Driver/Src/stm32f4xx_hal_uart.o
 .text.UART_SetConfig
                0x0000000008006ab8      0x4e8 ./Drivers/STM32F4xx_HAL_Driver/Src/stm32f4xx_hal_uart.o
 .text.USB_CoreInit
                0x0000000008006fa0       0xc2 ./Drivers/STM32F4xx_HAL_Driver/Src/stm32f4xx_ll_usb.o
                0x0000000008006fa0                USB_CoreInit
 *fill*         0x0000000008007062        0x2 
 .text.USB_SetTurnaroundTime
                0x0000000008007064      0x144 ./Drivers/STM32F4xx_HAL_Driver/Src/stm32f4xx_ll_usb.o
                0x0000000008007064                USB_SetTurnaroundTime
 .text.USB_EnableGlobalInt
                0x00000000080071a8       0x22 ./Drivers/STM32F4xx_HAL_Driver/Src/stm32f4xx_ll_usb.o
                0x00000000080071a8                USB_EnableGlobalInt
 .text.USB_DisableGlobalInt
                0x00000000080071ca       0x22 ./Drivers/STM32F4xx_HAL_Driver/Src/stm32f4xx_ll_usb.o
                0x00000000080071ca                USB_DisableGlobalInt
 .text.USB_SetCurrentMode
                0x00000000080071ec       0x98 ./Drivers/STM32F4xx_HAL_Driver/Src/stm32f4xx_ll_usb.o
                0x00000000080071ec                USB_SetCurrentMode
 .text.USB_DevInit
                0x0000000008007284      0x2c8 ./Drivers/STM32F4xx_HAL_Driver/Src/stm32f4xx_ll_usb.o
                0x0000000008007284                USB_DevInit
 .text.USB_FlushTxFifo
                0x000000000800754c       0x68 ./Drivers/STM32F4xx_HAL_Driver/Src/stm32f4xx_ll_usb.o
                0x000000000800754c                USB_FlushTxFifo
 .text.USB_FlushRxFifo
                0x00000000080075b4       0x60 ./Drivers/STM32F4xx_HAL_Driver/Src/stm32f4xx_ll_usb.o
                0x00000000080075b4                USB_FlushRxFifo
 .text.USB_SetDevSpeed
                0x0000000008007614       0x32 ./Drivers/STM32F4xx_HAL_Driver/Src/stm32f4xx_ll_usb.o
                0x0000000008007614                USB_SetDevSpeed
 .text.USB_GetDevSpeed
                0x0000000008007646       0x4a ./Drivers/STM32F4xx_HAL_Driver/Src/stm32f4xx_ll_usb.o
                0x0000000008007646                USB_GetDevSpeed
 .text.USB_ActivateEndpoint
                0x0000000008007690      0x10e ./Drivers/STM32F4xx_HAL_Driver/Src/stm32f4xx_ll_usb.o
                0x0000000008007690                USB_ActivateEndpoint
 *fill*         0x000000000800779e        0x2 
 .text.USB_DeactivateEndpoint
                0x00000000080077a0      0x1b8 ./Drivers/STM32F4xx_HAL_Driver/Src/stm32f4xx_ll_usb.o
                0x00000000080077a0                USB_DeactivateEndpoint
 .text.USB_EPStartXfer
                0x0000000008007958      0x490 ./Drivers/STM32F4xx_HAL_Driver/Src/stm32f4xx_ll_usb.o
                0x0000000008007958                USB_EPStartXfer
 .text.USB_EP0StartXfer
                0x0000000008007de8      0x2b0 ./Drivers/STM32F4xx_HAL_Driver/Src/stm32f4xx_ll_usb.o
                0x0000000008007de8                USB_EP0StartXfer
 .text.USB_EPStopXfer
                0x0000000008008098      0x154 ./Drivers/STM32F4xx_HAL_Driver/Src/stm32f4xx_ll_usb.o
                0x0000000008008098                USB_EPStopXfer
 .text.USB_WritePacket
                0x00000000080081ec       0x7c ./Drivers/STM32F4xx_HAL_Driver/Src/stm32f4xx_ll_usb.o
                0x00000000080081ec                USB_WritePacket
 .text.USB_ReadPacket
                0x0000000008008268       0xb0 ./Drivers/STM32F4xx_HAL_Driver/Src/stm32f4xx_ll_usb.o
                0x0000000008008268                USB_ReadPacket
 .text.USB_EPSetStall
                0x0000000008008318       0xdc ./Drivers/STM32F4xx_HAL_Driver/Src/stm32f4xx_ll_usb.o
                0x0000000008008318                USB_EPSetStall
 .text.USB_EPClearStall
                0x00000000080083f4       0xcc ./Drivers/STM32F4xx_HAL_Driver/Src/stm32f4xx_ll_usb.o
                0x00000000080083f4                USB_EPClearStall
 .text.USB_SetDevAddress
                0x00000000080084c0       0x4c ./Drivers/STM32F4xx_HAL_Driver/Src/stm32f4xx_ll_usb.o
                0x00000000080084c0                USB_SetDevAddress
 .text.USB_DevConnect
                0x000000000800850c       0x42 ./Drivers/STM32F4xx_HAL_Driver/Src/stm32f4xx_ll_usb.o
                0x000000000800850c                USB_DevConnect
 .text.USB_DevDisconnect
                0x000000000800854e       0x42 ./Drivers/STM32F4xx_HAL_Driver/Src/stm32f4xx_ll_usb.o
                0x000000000800854e                USB_DevDisconnect
 .text.USB_ReadInterrupts
                0x0000000008008590       0x26 ./Drivers/STM32F4xx_HAL_Driver/Src/stm32f4xx_ll_usb.o
                0x0000000008008590                USB_ReadInterrupts
 .text.USB_ReadDevAllOutEpInterrupt
                0x00000000080085b6       0x34 ./Drivers/STM32F4xx_HAL_Driver/Src/stm32f4xx_ll_usb.o
                0x00000000080085b6                USB_ReadDevAllOutEpInterrupt
 .text.USB_ReadDevAllInEpInterrupt
                0x00000000080085ea       0x34 ./Drivers/STM32F4xx_HAL_Driver/Src/stm32f4xx_ll_usb.o
                0x00000000080085ea                USB_ReadDevAllInEpInterrupt
 .text.USB_ReadDevOutEPInterrupt
                0x000000000800861e       0x3c ./Drivers/STM32F4xx_HAL_Driver/Src/stm32f4xx_ll_usb.o
                0x000000000800861e                USB_ReadDevOutEPInterrupt
 .text.USB_ReadDevInEPInterrupt
                0x000000000800865a       0x5c ./Drivers/STM32F4xx_HAL_Driver/Src/stm32f4xx_ll_usb.o
                0x000000000800865a                USB_ReadDevInEPInterrupt
 .text.USB_GetMode
                0x00000000080086b6       0x1c ./Drivers/STM32F4xx_HAL_Driver/Src/stm32f4xx_ll_usb.o
                0x00000000080086b6                USB_GetMode
 .text.USB_ActivateSetup
                0x00000000080086d2       0x46 ./Drivers/STM32F4xx_HAL_Driver/Src/stm32f4xx_ll_usb.o
                0x00000000080086d2                USB_ActivateSetup
 .text.USB_EP0_OutStart
                0x0000000008008718       0xbc ./Drivers/STM32F4xx_HAL_Driver/Src/stm32f4xx_ll_usb.o
                0x0000000008008718                USB_EP0_OutStart
 .text.USB_CoreReset
                0x00000000080087d4       0x68 ./Drivers/STM32F4xx_HAL_Driver/Src/stm32f4xx_ll_usb.o
 .text.USBD_CDC_Init
                0x000000000800883c      0x1f0 ./Middlewares/ST/STM32_USB_Device_Library/Class/CDC/Src/usbd_cdc.o
 .text.USBD_CDC_DeInit
                0x0000000008008a2c      0x104 ./Middlewares/ST/STM32_USB_Device_Library/Class/CDC/Src/usbd_cdc.o
 .text.USBD_CDC_Setup
                0x0000000008008b30      0x1b8 ./Middlewares/ST/STM32_USB_Device_Library/Class/CDC/Src/usbd_cdc.o
 .text.USBD_CDC_DataIn
                0x0000000008008ce8       0xfe ./Middlewares/ST/STM32_USB_Device_Library/Class/CDC/Src/usbd_cdc.o
 .text.USBD_CDC_DataOut
                0x0000000008008de6       0x70 ./Middlewares/ST/STM32_USB_Device_Library/Class/CDC/Src/usbd_cdc.o
 .text.USBD_CDC_EP0_RxReady
                0x0000000008008e56       0x76 ./Middlewares/ST/STM32_USB_Device_Library/Class/CDC/Src/usbd_cdc.o
 .text.USBD_CDC_GetFSCfgDesc
                0x0000000008008ecc       0x70 ./Middlewares/ST/STM32_USB_Device_Library/Class/CDC/Src/usbd_cdc.o
 .text.USBD_CDC_GetHSCfgDesc
                0x0000000008008f3c       0x70 ./Middlewares/ST/STM32_USB_Device_Library/Class/CDC/Src/usbd_cdc.o
 .text.USBD_CDC_GetOtherSpeedCfgDesc
                0x0000000008008fac       0x70 ./Middlewares/ST/STM32_USB_Device_Library/Class/CDC/Src/usbd_cdc.o
 .text.USBD_CDC_GetDeviceQualifierDescriptor
                0x000000000800901c       0x20 ./Middlewares/ST/STM32_USB_Device_Library/Class/CDC/Src/usbd_cdc.o
                0x000000000800901c                USBD_CDC_GetDeviceQualifierDescriptor
 .text.USBD_CDC_RegisterInterface
                0x000000000800903c       0x34 ./Middlewares/ST/STM32_USB_Device_Library/Class/CDC/Src/usbd_cdc.o
                0x000000000800903c                USBD_CDC_RegisterInterface
 .text.USBD_CDC_SetTxBuffer
                0x0000000008009070       0x44 ./Middlewares/ST/STM32_USB_Device_Library/Class/CDC/Src/usbd_cdc.o
                0x0000000008009070                USBD_CDC_SetTxBuffer
 .text.USBD_CDC_SetRxBuffer
                0x00000000080090b4       0x3a ./Middlewares/ST/STM32_USB_Device_Library/Class/CDC/Src/usbd_cdc.o
                0x00000000080090b4                USBD_CDC_SetRxBuffer
 *fill*         0x00000000080090ee        0x2 
 .text.USBD_CDC_TransmitPacket
                0x00000000080090f0       0x8c ./Middlewares/ST/STM32_USB_Device_Library/Class/CDC/Src/usbd_cdc.o
                0x00000000080090f0                USBD_CDC_TransmitPacket
 .text.USBD_CDC_ReceivePacket
                0x000000000800917c       0x6c ./Middlewares/ST/STM32_USB_Device_Library/Class/CDC/Src/usbd_cdc.o
                0x000000000800917c                USBD_CDC_ReceivePacket
 .text.USBD_Init
                0x00000000080091e8       0x60 ./Middlewares/ST/STM32_USB_Device_Library/Core/Src/usbd_core.o
                0x00000000080091e8                USBD_Init
 .text.USBD_RegisterClass
                0x0000000008009248       0x6c ./Middlewares/ST/STM32_USB_Device_Library/Core/Src/usbd_core.o
                0x0000000008009248                USBD_RegisterClass
 .text.USBD_Start
                0x00000000080092b4       0x18 ./Middlewares/ST/STM32_USB_Device_Library/Core/Src/usbd_core.o
                0x00000000080092b4                USBD_Start
 .text.USBD_RunTestMode
                0x00000000080092cc       0x16 ./Middlewares/ST/STM32_USB_Device_Library/Core/Src/usbd_core.o
                0x00000000080092cc                USBD_RunTestMode
 .text.USBD_SetClassConfig
                0x00000000080092e2       0x38 ./Middlewares/ST/STM32_USB_Device_Library/Core/Src/usbd_core.o
                0x00000000080092e2                USBD_SetClassConfig
 .text.USBD_ClrClassConfig
                0x000000000800931a       0x34 ./Middlewares/ST/STM32_USB_Device_Library/Core/Src/usbd_core.o
                0x000000000800931a                USBD_ClrClassConfig
 .text.USBD_LL_SetupStage
                0x000000000800934e       0xaa ./Middlewares/ST/STM32_USB_Device_Library/Core/Src/usbd_core.o
                0x000000000800934e                USBD_LL_SetupStage
 .text.USBD_LL_DataOutStage
                0x00000000080093f8      0x166 ./Middlewares/ST/STM32_USB_Device_Library/Core/Src/usbd_core.o
                0x00000000080093f8                USBD_LL_DataOutStage
 .text.USBD_LL_DataInStage
                0x000000000800955e      0x164 ./Middlewares/ST/STM32_USB_Device_Library/Core/Src/usbd_core.o
                0x000000000800955e                USBD_LL_DataInStage
 .text.USBD_LL_Reset
                0x00000000080096c2       0xa4 ./Middlewares/ST/STM32_USB_Device_Library/Core/Src/usbd_core.o
                0x00000000080096c2                USBD_LL_Reset
 .text.USBD_LL_SetSpeed
                0x0000000008009766       0x20 ./Middlewares/ST/STM32_USB_Device_Library/Core/Src/usbd_core.o
                0x0000000008009766                USBD_LL_SetSpeed
 .text.USBD_LL_Suspend
                0x0000000008009786       0x2c ./Middlewares/ST/STM32_USB_Device_Library/Core/Src/usbd_core.o
                0x0000000008009786                USBD_LL_Suspend
 .text.USBD_LL_Resume
                0x00000000080097b2       0x30 ./Middlewares/ST/STM32_USB_Device_Library/Core/Src/usbd_core.o
                0x00000000080097b2                USBD_LL_Resume
 .text.USBD_LL_SOF
                0x00000000080097e2       0x40 ./Middlewares/ST/STM32_USB_Device_Library/Core/Src/usbd_core.o
                0x00000000080097e2                USBD_LL_SOF
 .text.USBD_LL_IsoINIncomplete
                0x0000000008009822       0x64 ./Middlewares/ST/STM32_USB_Device_Library/Core/Src/usbd_core.o
                0x0000000008009822                USBD_LL_IsoINIncomplete
 .text.USBD_LL_IsoOUTIncomplete
                0x0000000008009886       0x64 ./Middlewares/ST/STM32_USB_Device_Library/Core/Src/usbd_core.o
                0x0000000008009886                USBD_LL_IsoOUTIncomplete
 .text.USBD_LL_DevConnected
                0x00000000080098ea       0x16 ./Middlewares/ST/STM32_USB_Device_Library/Core/Src/usbd_core.o
                0x00000000080098ea                USBD_LL_DevConnected
 .text.USBD_LL_DevDisconnected
                0x0000000008009900       0x46 ./Middlewares/ST/STM32_USB_Device_Library/Core/Src/usbd_core.o
                0x0000000008009900                USBD_LL_DevDisconnected
 .text.USBD_CoreFindIF
                0x0000000008009946       0x1a ./Middlewares/ST/STM32_USB_Device_Library/Core/Src/usbd_core.o
                0x0000000008009946                USBD_CoreFindIF
 .text.USBD_CoreFindEP
                0x0000000008009960       0x1a ./Middlewares/ST/STM32_USB_Device_Library/Core/Src/usbd_core.o
                0x0000000008009960                USBD_CoreFindEP
 .text.USBD_GetEpDesc
                0x000000000800997a       0x74 ./Middlewares/ST/STM32_USB_Device_Library/Core/Src/usbd_core.o
                0x000000000800997a                USBD_GetEpDesc
 .text.USBD_GetNextDesc
                0x00000000080099ee       0x3a ./Middlewares/ST/STM32_USB_Device_Library/Core/Src/usbd_core.o
                0x00000000080099ee                USBD_GetNextDesc
 .text.SWAPBYTE
                0x0000000008009a28       0x3c ./Middlewares/ST/STM32_USB_Device_Library/Core/Src/usbd_ctlreq.o
 .text.USBD_StdDevReq
                0x0000000008009a64       0xe4 ./Middlewares/ST/STM32_USB_Device_Library/Core/Src/usbd_ctlreq.o
                0x0000000008009a64                USBD_StdDevReq
 .text.USBD_StdItfReq
                0x0000000008009b48       0xd8 ./Middlewares/ST/STM32_USB_Device_Library/Core/Src/usbd_ctlreq.o
                0x0000000008009b48                USBD_StdItfReq
 .text.USBD_StdEPReq
                0x0000000008009c20      0x33a ./Middlewares/ST/STM32_USB_Device_Library/Core/Src/usbd_ctlreq.o
                0x0000000008009c20                USBD_StdEPReq
 *fill*         0x0000000008009f5a        0x2 
 .text.USBD_GetDescriptor
                0x0000000008009f5c      0x2d4 ./Middlewares/ST/STM32_USB_Device_Library/Core/Src/usbd_ctlreq.o
 .text.USBD_SetAddress
                0x000000000800a230       0x88 ./Middlewares/ST/STM32_USB_Device_Library/Core/Src/usbd_ctlreq.o
 .text.USBD_SetConfig
                0x000000000800a2b8      0x154 ./Middlewares/ST/STM32_USB_Device_Library/Core/Src/usbd_ctlreq.o
 .text.USBD_GetConfig
                0x000000000800a40c       0x6c ./Middlewares/ST/STM32_USB_Device_Library/Core/Src/usbd_ctlreq.o
 .text.USBD_GetStatus
                0x000000000800a478       0x68 ./Middlewares/ST/STM32_USB_Device_Library/Core/Src/usbd_ctlreq.o
 .text.USBD_SetFeature
                0x000000000800a4e0       0x52 ./Middlewares/ST/STM32_USB_Device_Library/Core/Src/usbd_ctlreq.o
 .text.USBD_ClrFeature
                0x000000000800a532       0x44 ./Middlewares/ST/STM32_USB_Device_Library/Core/Src/usbd_ctlreq.o
 .text.USBD_ParseSetupRequest
                0x000000000800a576       0x74 ./Middlewares/ST/STM32_USB_Device_Library/Core/Src/usbd_ctlreq.o
                0x000000000800a576                USBD_ParseSetupRequest
 .text.USBD_CtlError
                0x000000000800a5ea       0x22 ./Middlewares/ST/STM32_USB_Device_Library/Core/Src/usbd_ctlreq.o
                0x000000000800a5ea                USBD_CtlError
 .text.USBD_GetString
                0x000000000800a60c       0x8c ./Middlewares/ST/STM32_USB_Device_Library/Core/Src/usbd_ctlreq.o
                0x000000000800a60c                USBD_GetString
 .text.USBD_GetLen
                0x000000000800a698       0x34 ./Middlewares/ST/STM32_USB_Device_Library/Core/Src/usbd_ctlreq.o
 .text.USBD_CtlSendData
                0x000000000800a6cc       0x36 ./Middlewares/ST/STM32_USB_Device_Library/Core/Src/usbd_ioreq.o
                0x000000000800a6cc                USBD_CtlSendData
 .text.USBD_CtlContinueSendData
                0x000000000800a702       0x22 ./Middlewares/ST/STM32_USB_Device_Library/Core/Src/usbd_ioreq.o
                0x000000000800a702                USBD_CtlContinueSendData
 .text.USBD_CtlPrepareRx
                0x000000000800a724       0x3a ./Middlewares/ST/STM32_USB_Device_Library/Core/Src/usbd_ioreq.o
                0x000000000800a724                USBD_CtlPrepareRx
 .text.USBD_CtlContinueRx
                0x000000000800a75e       0x22 ./Middlewares/ST/STM32_USB_Device_Library/Core/Src/usbd_ioreq.o
                0x000000000800a75e                USBD_CtlContinueRx
 .text.USBD_CtlSendStatus
                0x000000000800a780       0x26 ./Middlewares/ST/STM32_USB_Device_Library/Core/Src/usbd_ioreq.o
                0x000000000800a780                USBD_CtlSendStatus
 .text.USBD_CtlReceiveStatus
                0x000000000800a7a6       0x26 ./Middlewares/ST/STM32_USB_Device_Library/Core/Src/usbd_ioreq.o
                0x000000000800a7a6                USBD_CtlReceiveStatus
 .text.MX_USB_DEVICE_Init
                0x000000000800a7cc       0x60 ./USB_DEVICE/App/usb_device.o
                0x000000000800a7cc                MX_USB_DEVICE_Init
 .text.CDC_Init_FS
                0x000000000800a82c       0x28 ./USB_DEVICE/App/usbd_cdc_if.o
 .text.CDC_DeInit_FS
                0x000000000800a854       0x10 ./USB_DEVICE/App/usbd_cdc_if.o
 .text.CDC_Control_FS
                0x000000000800a864       0xbc ./USB_DEVICE/App/usbd_cdc_if.o
 .text.CDC_Receive_FS
                0x000000000800a920       0x34 ./USB_DEVICE/App/usbd_cdc_if.o
 .text.CDC_Transmit_FS
                0x000000000800a954       0x4c ./USB_DEVICE/App/usbd_cdc_if.o
                0x000000000800a954                CDC_Transmit_FS
 .text.CDC_TransmitCplt_FS
                0x000000000800a9a0       0x22 ./USB_DEVICE/App/usbd_cdc_if.o
 *fill*         0x000000000800a9c2        0x2 
 .text.USBD_FS_DeviceDescriptor
                0x000000000800a9c4       0x24 ./USB_DEVICE/App/usbd_desc.o
                0x000000000800a9c4                USBD_FS_DeviceDescriptor
 .text.USBD_FS_LangIDStrDescriptor
                0x000000000800a9e8       0x24 ./USB_DEVICE/App/usbd_desc.o
                0x000000000800a9e8                USBD_FS_LangIDStrDescriptor
 .text.USBD_FS_ProductStrDescriptor
                0x000000000800aa0c       0x3c ./USB_DEVICE/App/usbd_desc.o
                0x000000000800aa0c                USBD_FS_ProductStrDescriptor
 .text.USBD_FS_ManufacturerStrDescriptor
                0x000000000800aa48       0x28 ./USB_DEVICE/App/usbd_desc.o
                0x000000000800aa48                USBD_FS_ManufacturerStrDescriptor
 .text.USBD_FS_SerialStrDescriptor
                0x000000000800aa70       0x24 ./USB_DEVICE/App/usbd_desc.o
                0x000000000800aa70                USBD_FS_SerialStrDescriptor
 .text.USBD_FS_ConfigStrDescriptor
                0x000000000800aa94       0x3c ./USB_DEVICE/App/usbd_desc.o
                0x000000000800aa94                USBD_FS_ConfigStrDescriptor
 .text.USBD_FS_InterfaceStrDescriptor
                0x000000000800aad0       0x3c ./USB_DEVICE/App/usbd_desc.o
                0x000000000800aad0                USBD_FS_InterfaceStrDescriptor
 .text.Get_SerialNum
                0x000000000800ab0c       0x58 ./USB_DEVICE/App/usbd_desc.o
 .text.IntToUnicode
                0x000000000800ab64       0x7e ./USB_DEVICE/App/usbd_desc.o
 *fill*         0x000000000800abe2        0x2 
 .text.HAL_PCD_MspInit
                0x000000000800abe4       0xa8 ./USB_DEVICE/Target/usbd_conf.o
                0x000000000800abe4                HAL_PCD_MspInit
 .text.HAL_PCD_SetupStageCallback
                0x000000000800ac8c       0x24 ./USB_DEVICE/Target/usbd_conf.o
                0x000000000800ac8c                HAL_PCD_SetupStageCallback
 .text.HAL_PCD_DataOutStageCallback
                0x000000000800acb0       0x36 ./USB_DEVICE/Target/usbd_conf.o
                0x000000000800acb0                HAL_PCD_DataOutStageCallback
 .text.HAL_PCD_DataInStageCallback
                0x000000000800ace6       0x34 ./USB_DEVICE/Target/usbd_conf.o
                0x000000000800ace6                HAL_PCD_DataInStageCallback
 .text.HAL_PCD_SOFCallback
                0x000000000800ad1a       0x1c ./USB_DEVICE/Target/usbd_conf.o
                0x000000000800ad1a                HAL_PCD_SOFCallback
 .text.HAL_PCD_ResetCallback
                0x000000000800ad36       0x3c ./USB_DEVICE/Target/usbd_conf.o
                0x000000000800ad36                HAL_PCD_ResetCallback
 *fill*         0x000000000800ad72        0x2 
 .text.HAL_PCD_SuspendCallback
                0x000000000800ad74       0x4c ./USB_DEVICE/Target/usbd_conf.o
                0x000000000800ad74                HAL_PCD_SuspendCallback
 .text.HAL_PCD_ResumeCallback
                0x000000000800adc0       0x1c ./USB_DEVICE/Target/usbd_conf.o
                0x000000000800adc0                HAL_PCD_ResumeCallback
 .text.HAL_PCD_ISOOUTIncompleteCallback
                0x000000000800addc       0x24 ./USB_DEVICE/Target/usbd_conf.o
                0x000000000800addc                HAL_PCD_ISOOUTIncompleteCallback
 .text.HAL_PCD_ISOINIncompleteCallback
                0x000000000800ae00       0x24 ./USB_DEVICE/Target/usbd_conf.o
                0x000000000800ae00                HAL_PCD_ISOINIncompleteCallback
 .text.HAL_PCD_ConnectCallback
                0x000000000800ae24       0x1c ./USB_DEVICE/Target/usbd_conf.o
                0x000000000800ae24                HAL_PCD_ConnectCallback
 .text.HAL_PCD_DisconnectCallback
                0x000000000800ae40       0x1c ./USB_DEVICE/Target/usbd_conf.o
                0x000000000800ae40                HAL_PCD_DisconnectCallback
 .text.USBD_LL_Init
                0x000000000800ae5c       0x98 ./USB_DEVICE/Target/usbd_conf.o
                0x000000000800ae5c                USBD_LL_Init
 .text.USBD_LL_Start
                0x000000000800aef4       0x36 ./USB_DEVICE/Target/usbd_conf.o
                0x000000000800aef4                USBD_LL_Start
 .text.USBD_LL_OpenEP
                0x000000000800af2a       0x4c ./USB_DEVICE/Target/usbd_conf.o
                0x000000000800af2a                USBD_LL_OpenEP
 .text.USBD_LL_CloseEP
                0x000000000800af76       0x3e ./USB_DEVICE/Target/usbd_conf.o
                0x000000000800af76                USBD_LL_CloseEP
 .text.USBD_LL_StallEP
                0x000000000800afb4       0x3e ./USB_DEVICE/Target/usbd_conf.o
                0x000000000800afb4                USBD_LL_StallEP
 .text.USBD_LL_ClearStallEP
                0x000000000800aff2       0x3e ./USB_DEVICE/Target/usbd_conf.o
                0x000000000800aff2                USBD_LL_ClearStallEP
 .text.USBD_LL_IsStallEP
                0x000000000800b030       0x58 ./USB_DEVICE/Target/usbd_conf.o
                0x000000000800b030                USBD_LL_IsStallEP
 .text.USBD_LL_SetUSBAddress
                0x000000000800b088       0x3e ./USB_DEVICE/Target/usbd_conf.o
                0x000000000800b088                USBD_LL_SetUSBAddress
 .text.USBD_LL_Transmit
                0x000000000800b0c6       0x42 ./USB_DEVICE/Target/usbd_conf.o
                0x000000000800b0c6                USBD_LL_Transmit
 .text.USBD_LL_PrepareReceive
                0x000000000800b108       0x42 ./USB_DEVICE/Target/usbd_conf.o
                0x000000000800b108                USBD_LL_PrepareReceive
 .text.USBD_LL_GetRxDataSize
                0x000000000800b14a       0x26 ./USB_DEVICE/Target/usbd_conf.o
                0x000000000800b14a                USBD_LL_GetRxDataSize
 .text.USBD_static_malloc
                0x000000000800b170       0x1c ./USB_DEVICE/Target/usbd_conf.o
                0x000000000800b170                USBD_static_malloc
 .text.USBD_static_free
                0x000000000800b18c       0x14 ./USB_DEVICE/Target/usbd_conf.o
                0x000000000800b18c                USBD_static_free
 .text.USBD_Get_USB_Status
                0x000000000800b1a0       0x58 ./USB_DEVICE/Target/usbd_conf.o
                0x000000000800b1a0                USBD_Get_USB_Status
 .text.__libc_init_array
                0x000000000800b1f8       0x48 c:/st/stm32cubeide_1.11.0/stm32cubeide/plugins/com.st.stm32cube.ide.mcu.externaltools.gnu-tools-for-stm32.10.3-2021.10.win32_1.0.100.202210260954/tools/bin/../lib/gcc/arm-none-eabi/10.3.1/../../../../arm-none-eabi/lib/thumb/v7e-m+fp/hard\libc_nano.a(lib_a-init.o)
                0x000000000800b1f8                __libc_init_array
 .text.memset   0x000000000800b240       0x10 c:/st/stm32cubeide_1.11.0/stm32cubeide/plugins/com.st.stm32cube.ide.mcu.externaltools.gnu-tools-for-stm32.10.3-2021.10.win32_1.0.100.202210260954/tools/bin/../lib/gcc/arm-none-eabi/10.3.1/../../../../arm-none-eabi/lib/thumb/v7e-m+fp/hard\libc_nano.a(lib_a-memset.o)
                0x000000000800b240                memset
 *(.glue_7)
 .glue_7        0x000000000800b250        0x0 linker stubs
 *(.glue_7t)
 .glue_7t       0x000000000800b250        0x0 linker stubs
 *(.eh_frame)
 .eh_frame      0x000000000800b250        0x0 c:/st/stm32cubeide_1.11.0/stm32cubeide/plugins/com.st.stm32cube.ide.mcu.externaltools.gnu-tools-for-stm32.10.3-2021.10.win32_1.0.100.202210260954/tools/bin/../lib/gcc/arm-none-eabi/10.3.1/thumb/v7e-m+fp/hard/crtbegin.o
 *(.init)
 .init          0x000000000800b250        0x4 c:/st/stm32cubeide_1.11.0/stm32cubeide/plugins/com.st.stm32cube.ide.mcu.externaltools.gnu-tools-for-stm32.10.3-2021.10.win32_1.0.100.202210260954/tools/bin/../lib/gcc/arm-none-eabi/10.3.1/thumb/v7e-m+fp/hard/crti.o
                0x000000000800b250                _init
 .init          0x000000000800b254        0x8 c:/st/stm32cubeide_1.11.0/stm32cubeide/plugins/com.st.stm32cube.ide.mcu.externaltools.gnu-tools-for-stm32.10.3-2021.10.win32_1.0.100.202210260954/tools/bin/../lib/gcc/arm-none-eabi/10.3.1/thumb/v7e-m+fp/hard/crtn.o
 *(.fini)
 .fini          0x000000000800b25c        0x4 c:/st/stm32cubeide_1.11.0/stm32cubeide/plugins/com.st.stm32cube.ide.mcu.externaltools.gnu-tools-for-stm32.10.3-2021.10.win32_1.0.100.202210260954/tools/bin/../lib/gcc/arm-none-eabi/10.3.1/thumb/v7e-m+fp/hard/crti.o
                0x000000000800b25c                _fini
 .fini          0x000000000800b260        0x8 c:/st/stm32cubeide_1.11.0/stm32cubeide/plugins/com.st.stm32cube.ide.mcu.externaltools.gnu-tools-for-stm32.10.3-2021.10.win32_1.0.100.202210260954/tools/bin/../lib/gcc/arm-none-eabi/10.3.1/thumb/v7e-m+fp/hard/crtn.o
                0x000000000800b268                . = ALIGN (0x4)
                0x000000000800b268                _etext = .

.vfp11_veneer   0x000000000800b268        0x0
 .vfp11_veneer  0x000000000800b268        0x0 linker stubs

.v4_bx          0x000000000800b268        0x0
 .v4_bx         0x000000000800b268        0x0 linker stubs

.iplt           0x000000000800b268        0x0
 .iplt          0x000000000800b268        0x0 c:/st/stm32cubeide_1.11.0/stm32cubeide/plugins/com.st.stm32cube.ide.mcu.externaltools.gnu-tools-for-stm32.10.3-2021.10.win32_1.0.100.202210260954/tools/bin/../lib/gcc/arm-none-eabi/10.3.1/thumb/v7e-m+fp/hard/crtbegin.o

.rodata         0x000000000800b268       0x6c
                0x000000000800b268                . = ALIGN (0x4)
 *(.rodata)
 .rodata        0x000000000800b268        0x3 ./Core/Src/main.o
 *fill*         0x000000000800b26b        0x1 
 .rodata        0x000000000800b26c       0x46 ./USB_DEVICE/App/usbd_desc.o
 *(.rodata*)
 *fill*         0x000000000800b2b2        0x2 
 .rodata.AHBPrescTable
                0x000000000800b2b4       0x10 ./Core/Src/system_stm32f4xx.o
                0x000000000800b2b4                AHBPrescTable
 .rodata.APBPrescTable
                0x000000000800b2c4        0x8 ./Core/Src/system_stm32f4xx.o
                0x000000000800b2c4                APBPrescTable
 .rodata.flagBitshiftOffset.0
                0x000000000800b2cc        0x8 ./Drivers/STM32F4xx_HAL_Driver/Src/stm32f4xx_hal_dma.o
                0x000000000800b2d4                . = ALIGN (0x4)

.ARM.extab      0x000000000800b2d4        0x0
                0x000000000800b2d4                . = ALIGN (0x4)
 *(.ARM.extab* .gnu.linkonce.armextab.*)
                0x000000000800b2d4                . = ALIGN (0x4)

.ARM            0x000000000800b2d4        0x8
                0x000000000800b2d4                . = ALIGN (0x4)
                0x000000000800b2d4                __exidx_start = .
 *(.ARM.exidx*)
 .ARM.exidx     0x000000000800b2d4        0x8 c:/st/stm32cubeide_1.11.0/stm32cubeide/plugins/com.st.stm32cube.ide.mcu.externaltools.gnu-tools-for-stm32.10.3-2021.10.win32_1.0.100.202210260954/tools/bin/../lib/gcc/arm-none-eabi/10.3.1/thumb/v7e-m+fp/hard\libgcc.a(_udivmoddi4.o)
                0x000000000800b2dc                __exidx_end = .
                0x000000000800b2dc                . = ALIGN (0x4)

.rel.dyn        0x000000000800b2dc        0x0
 .rel.iplt      0x000000000800b2dc        0x0 c:/st/stm32cubeide_1.11.0/stm32cubeide/plugins/com.st.stm32cube.ide.mcu.externaltools.gnu-tools-for-stm32.10.3-2021.10.win32_1.0.100.202210260954/tools/bin/../lib/gcc/arm-none-eabi/10.3.1/thumb/v7e-m+fp/hard/crtbegin.o

.preinit_array  0x000000000800b2dc        0x0
                0x000000000800b2dc                . = ALIGN (0x4)
                0x000000000800b2dc                PROVIDE (__preinit_array_start = .)
 *(.preinit_array*)
                0x000000000800b2dc                PROVIDE (__preinit_array_end = .)
                0x000000000800b2dc                . = ALIGN (0x4)

.init_array     0x000000000800b2dc        0x4
                0x000000000800b2dc                . = ALIGN (0x4)
                0x000000000800b2dc                PROVIDE (__init_array_start = .)
 *(SORT_BY_NAME(.init_array.*))
 *(.init_array*)
 .init_array    0x000000000800b2dc        0x4 c:/st/stm32cubeide_1.11.0/stm32cubeide/plugins/com.st.stm32cube.ide.mcu.externaltools.gnu-tools-for-stm32.10.3-2021.10.win32_1.0.100.202210260954/tools/bin/../lib/gcc/arm-none-eabi/10.3.1/thumb/v7e-m+fp/hard/crtbegin.o
                0x000000000800b2e0                PROVIDE (__init_array_end = .)
                0x000000000800b2e0                . = ALIGN (0x4)

.fini_array     0x000000000800b2e0        0x4
                0x000000000800b2e0                . = ALIGN (0x4)
                [!provide]                        PROVIDE (__fini_array_start = .)
 *(SORT_BY_NAME(.fini_array.*))
 *(.fini_array*)
 .fini_array    0x000000000800b2e0        0x4 c:/st/stm32cubeide_1.11.0/stm32cubeide/plugins/com.st.stm32cube.ide.mcu.externaltools.gnu-tools-for-stm32.10.3-2021.10.win32_1.0.100.202210260954/tools/bin/../lib/gcc/arm-none-eabi/10.3.1/thumb/v7e-m+fp/hard/crtbegin.o
                [!provide]                        PROVIDE (__fini_array_end = .)
                0x000000000800b2e4                . = ALIGN (0x4)
                0x000000000800b2e4                _sidata = LOADADDR (.data)

.data           0x0000000020000000      0x200 load address 0x000000000800b2e4
                0x0000000020000000                . = ALIGN (0x4)
                0x0000000020000000                _sdata = .
 *(.data)
 *(.data*)
 .data.st_led1  0x0000000020000000        0x1 ./Core/Src/main.o
                0x0000000020000000                st_led1
 .data.st_led2  0x0000000020000001        0x1 ./Core/Src/main.o
                0x0000000020000001                st_led2
 .data.st_led3  0x0000000020000002        0x1 ./Core/Src/main.o
                0x0000000020000002                st_led3
 .data.st_led4  0x0000000020000003        0x1 ./Core/Src/main.o
                0x0000000020000003                st_led4
 .data.arr      0x0000000020000004      0x100 ./Core/Src/main.o
                0x0000000020000004                arr
 .data.SystemCoreClock
                0x0000000020000104        0x4 ./Core/Src/system_stm32f4xx.o
                0x0000000020000104                SystemCoreClock
 .data.uwTickPrio
                0x0000000020000108        0x4 ./Drivers/STM32F4xx_HAL_Driver/Src/stm32f4xx_hal.o
                0x0000000020000108                uwTickPrio
 .data.uwTickFreq
                0x000000002000010c        0x1 ./Drivers/STM32F4xx_HAL_Driver/Src/stm32f4xx_hal.o
                0x000000002000010c                uwTickFreq
 *fill*         0x000000002000010d        0x3 
 .data.USBD_CDC_DeviceQualifierDesc
                0x0000000020000110        0xa ./Middlewares/ST/STM32_USB_Device_Library/Class/CDC/Src/usbd_cdc.o
 *fill*         0x000000002000011a        0x2 
 .data.USBD_CDC
                0x000000002000011c       0x38 ./Middlewares/ST/STM32_USB_Device_Library/Class/CDC/Src/usbd_cdc.o
                0x000000002000011c                USBD_CDC
 .data.USBD_CDC_CfgDesc
                0x0000000020000154       0x43 ./Middlewares/ST/STM32_USB_Device_Library/Class/CDC/Src/usbd_cdc.o
 .data.CDCInEpAdd
                0x0000000020000197        0x1 ./Middlewares/ST/STM32_USB_Device_Library/Class/CDC/Src/usbd_cdc.o
 .data.CDCOutEpAdd
                0x0000000020000198        0x1 ./Middlewares/ST/STM32_USB_Device_Library/Class/CDC/Src/usbd_cdc.o
 .data.CDCCmdEpAdd
                0x0000000020000199        0x1 ./Middlewares/ST/STM32_USB_Device_Library/Class/CDC/Src/usbd_cdc.o
 *fill*         0x000000002000019a        0x2 
 .data.USBD_Interface_fops_FS
                0x000000002000019c       0x14 ./USB_DEVICE/App/usbd_cdc_if.o
                0x000000002000019c                USBD_Interface_fops_FS
 .data.FS_Desc  0x00000000200001b0       0x1c ./USB_DEVICE/App/usbd_desc.o
                0x00000000200001b0                FS_Desc
 .data.USBD_FS_DeviceDesc
                0x00000000200001cc       0x12 ./USB_DEVICE/App/usbd_desc.o
                0x00000000200001cc                USBD_FS_DeviceDesc
 *fill*         0x00000000200001de        0x2 
 .data.USBD_LangIDDesc
                0x00000000200001e0        0x4 ./USB_DEVICE/App/usbd_desc.o
                0x00000000200001e0                USBD_LangIDDesc
 .data.USBD_StringSerial
                0x00000000200001e4       0x1a ./USB_DEVICE/App/usbd_desc.o
                0x00000000200001e4                USBD_StringSerial
 *(.RamFunc)
 *(.RamFunc*)
                0x0000000020000200                . = ALIGN (0x4)
 *fill*         0x00000000200001fe        0x2 
                0x0000000020000200                _edata = .

.igot.plt       0x0000000020000200        0x0 load address 0x000000000800b4e4
 .igot.plt      0x0000000020000200        0x0 c:/st/stm32cubeide_1.11.0/stm32cubeide/plugins/com.st.stm32cube.ide.mcu.externaltools.gnu-tools-for-stm32.10.3-2021.10.win32_1.0.100.202210260954/tools/bin/../lib/gcc/arm-none-eabi/10.3.1/thumb/v7e-m+fp/hard/crtbegin.o
                0x0000000020000200                . = ALIGN (0x4)

.bss            0x0000000020000200     0x1668 load address 0x000000000800b4e4
                0x0000000020000200                _sbss = .
                0x0000000020000200                __bss_start__ = _sbss
 *(.bss)
 .bss           0x0000000020000200       0x1c c:/st/stm32cubeide_1.11.0/stm32cubeide/plugins/com.st.stm32cube.ide.mcu.externaltools.gnu-tools-for-stm32.10.3-2021.10.win32_1.0.100.202210260954/tools/bin/../lib/gcc/arm-none-eabi/10.3.1/thumb/v7e-m+fp/hard/crtbegin.o
 *(.bss*)
 .bss.hadc1     0x000000002000021c       0x48 ./Core/Src/main.o
                0x000000002000021c                hadc1
 .bss.hdma_adc1
                0x0000000020000264       0x60 ./Core/Src/main.o
                0x0000000020000264                hdma_adc1
 .bss.htim2     0x00000000200002c4       0x48 ./Core/Src/main.o
                0x00000000200002c4                htim2
 .bss.htim3     0x000000002000030c       0x48 ./Core/Src/main.o
                0x000000002000030c                htim3
 .bss.huart1    0x0000000020000354       0x44 ./Core/Src/main.o
                0x0000000020000354                huart1
 .bss.timers    0x0000000020000398       0x28 ./Core/Src/main.o
                0x0000000020000398                timers
 .bss.modo_trabajo
                0x00000000200003c0        0x1 ./Core/Src/main.o
                0x00000000200003c0                modo_trabajo
 .bss.st_calibracion
                0x00000000200003c1        0x1 ./Core/Src/main.o
                0x00000000200003c1                st_calibracion
 .bss.st_motor1
                0x00000000200003c2        0x1 ./Core/Src/main.o
                0x00000000200003c2                st_motor1
 .bss.st_motor2
                0x00000000200003c3        0x1 ./Core/Src/main.o
                0x00000000200003c3                st_motor2
 .bss.datoRecibido
                0x00000000200003c4       0x40 ./Core/Src/main.o
                0x00000000200003c4                datoRecibido
 .bss.sumaPonderada
                0x0000000020000404        0x4 ./Core/Src/main.o
                0x0000000020000404                sumaPonderada
 .bss.adc       0x0000000020000408       0x1c ./Core/Src/main.o
                0x0000000020000408                adc
 .bss.max       0x0000000020000424       0x1c ./Core/Src/main.o
                0x0000000020000424                max
 .bss.min       0x0000000020000440       0x1c ./Core/Src/main.o
                0x0000000020000440                min
 .bss.enviar    0x000000002000045c       0x20 ./Core/Src/main.o
                0x000000002000045c                enviar
 .bss.error     0x000000002000047c        0x1 ./Core/Src/main.o
                0x000000002000047c                error
 .bss.mot1      0x000000002000047d        0x1 ./Core/Src/main.o
                0x000000002000047d                mot1
 .bss.mot2      0x000000002000047e        0x1 ./Core/Src/main.o
                0x000000002000047e                mot2
 .bss.vueltas   0x000000002000047f        0x1 ./Core/Src/main.o
                0x000000002000047f                vueltas
 .bss.motPast1  0x0000000020000480        0x1 ./Core/Src/main.o
                0x0000000020000480                motPast1
 .bss.motPast2  0x0000000020000481        0x1 ./Core/Src/main.o
                0x0000000020000481                motPast2
 *fill*         0x0000000020000482        0x2 
 .bss.posi      0x0000000020000484        0x4 ./Core/Src/main.o
                0x0000000020000484                posi
 .bss.uwTick    0x0000000020000488        0x4 ./Drivers/STM32F4xx_HAL_Driver/Src/stm32f4xx_hal.o
                0x0000000020000488                uwTick
 .bss.cfgidx.0  0x000000002000048c        0x1 ./Middlewares/ST/STM32_USB_Device_Library/Core/Src/usbd_ctlreq.o
 *fill*         0x000000002000048d        0x3 
 .bss.hUsbDeviceFS
                0x0000000020000490      0x2dc ./USB_DEVICE/App/usb_device.o
                0x0000000020000490                hUsbDeviceFS
 .bss.UserRxBufferFS
                0x000000002000076c      0x3e8 ./USB_DEVICE/App/usbd_cdc_if.o
                0x000000002000076c                UserRxBufferFS
 .bss.UserTxBufferFS
                0x0000000020000b54      0x3e8 ./USB_DEVICE/App/usbd_cdc_if.o
                0x0000000020000b54                UserTxBufferFS
 .bss.USBD_StrDesc
                0x0000000020000f3c      0x200 ./USB_DEVICE/App/usbd_desc.o
                0x0000000020000f3c                USBD_StrDesc
 .bss.hpcd_USB_OTG_FS
                0x000000002000113c      0x50c ./USB_DEVICE/Target/usbd_conf.o
                0x000000002000113c                hpcd_USB_OTG_FS
 .bss.mem.0     0x0000000020001648      0x220 ./USB_DEVICE/Target/usbd_conf.o
 *(COMMON)
                0x0000000020001868                . = ALIGN (0x4)
                0x0000000020001868                _ebss = .
                0x0000000020001868                __bss_end__ = _ebss

._user_heap_stack
                0x0000000020001868      0x600 load address 0x000000000800b4e4
                0x0000000020001868                . = ALIGN (0x8)
                [!provide]                        PROVIDE (end = .)
                0x0000000020001868                PROVIDE (_end = .)
                0x0000000020001a68                . = (. + _Min_Heap_Size)
 *fill*         0x0000000020001868      0x200 
                0x0000000020001e68                . = (. + _Min_Stack_Size)
 *fill*         0x0000000020001a68      0x400 
                0x0000000020001e68                . = ALIGN (0x8)

/DISCARD/
 libc.a(*)
 libm.a(*)
 libgcc.a(*)

.ARM.attributes
                0x0000000000000000       0x30
 *(.ARM.attributes)
 .ARM.attributes
                0x0000000000000000       0x1e c:/st/stm32cubeide_1.11.0/stm32cubeide/plugins/com.st.stm32cube.ide.mcu.externaltools.gnu-tools-for-stm32.10.3-2021.10.win32_1.0.100.202210260954/tools/bin/../lib/gcc/arm-none-eabi/10.3.1/thumb/v7e-m+fp/hard/crti.o
 .ARM.attributes
                0x000000000000001e       0x34 c:/st/stm32cubeide_1.11.0/stm32cubeide/plugins/com.st.stm32cube.ide.mcu.externaltools.gnu-tools-for-stm32.10.3-2021.10.win32_1.0.100.202210260954/tools/bin/../lib/gcc/arm-none-eabi/10.3.1/thumb/v7e-m+fp/hard/crtbegin.o
 .ARM.attributes
                0x0000000000000052       0x34 ./Core/Src/main.o
 .ARM.attributes
                0x0000000000000086       0x34 ./Core/Src/stm32f4xx_hal_msp.o
 .ARM.attributes
                0x00000000000000ba       0x34 ./Core/Src/stm32f4xx_it.o
 .ARM.attributes
                0x00000000000000ee       0x34 ./Core/Src/system_stm32f4xx.o
 .ARM.attributes
                0x0000000000000122       0x21 ./Core/Startup/startup_stm32f401ccux.o
 .ARM.attributes
                0x0000000000000143       0x34 ./Drivers/STM32F4xx_HAL_Driver/Src/stm32f4xx_hal.o
 .ARM.attributes
                0x0000000000000177       0x34 ./Drivers/STM32F4xx_HAL_Driver/Src/stm32f4xx_hal_adc.o
 .ARM.attributes
                0x00000000000001ab       0x34 ./Drivers/STM32F4xx_HAL_Driver/Src/stm32f4xx_hal_cortex.o
 .ARM.attributes
                0x00000000000001df       0x34 ./Drivers/STM32F4xx_HAL_Driver/Src/stm32f4xx_hal_dma.o
 .ARM.attributes
                0x0000000000000213       0x34 ./Drivers/STM32F4xx_HAL_Driver/Src/stm32f4xx_hal_gpio.o
 .ARM.attributes
                0x0000000000000247       0x34 ./Drivers/STM32F4xx_HAL_Driver/Src/stm32f4xx_hal_pcd.o
 .ARM.attributes
                0x000000000000027b       0x34 ./Drivers/STM32F4xx_HAL_Driver/Src/stm32f4xx_hal_pcd_ex.o
 .ARM.attributes
                0x00000000000002af       0x34 ./Drivers/STM32F4xx_HAL_Driver/Src/stm32f4xx_hal_rcc.o
 .ARM.attributes
                0x00000000000002e3       0x34 ./Drivers/STM32F4xx_HAL_Driver/Src/stm32f4xx_hal_tim.o
 .ARM.attributes
                0x0000000000000317       0x34 ./Drivers/STM32F4xx_HAL_Driver/Src/stm32f4xx_hal_tim_ex.o
 .ARM.attributes
                0x000000000000034b       0x34 ./Drivers/STM32F4xx_HAL_Driver/Src/stm32f4xx_hal_uart.o
 .ARM.attributes
                0x000000000000037f       0x34 ./Drivers/STM32F4xx_HAL_Driver/Src/stm32f4xx_ll_usb.o
 .ARM.attributes
                0x00000000000003b3       0x34 ./Middlewares/ST/STM32_USB_Device_Library/Class/CDC/Src/usbd_cdc.o
 .ARM.attributes
                0x00000000000003e7       0x34 ./Middlewares/ST/STM32_USB_Device_Library/Core/Src/usbd_core.o
 .ARM.attributes
                0x000000000000041b       0x34 ./Middlewares/ST/STM32_USB_Device_Library/Core/Src/usbd_ctlreq.o
 .ARM.attributes
                0x000000000000044f       0x34 ./Middlewares/ST/STM32_USB_Device_Library/Core/Src/usbd_ioreq.o
 .ARM.attributes
                0x0000000000000483       0x34 ./USB_DEVICE/App/usb_device.o
 .ARM.attributes
                0x00000000000004b7       0x34 ./USB_DEVICE/App/usbd_cdc_if.o
 .ARM.attributes
                0x00000000000004eb       0x34 ./USB_DEVICE/App/usbd_desc.o
 .ARM.attributes
                0x000000000000051f       0x34 ./USB_DEVICE/Target/usbd_conf.o
 .ARM.attributes
                0x0000000000000553       0x34 c:/st/stm32cubeide_1.11.0/stm32cubeide/plugins/com.st.stm32cube.ide.mcu.externaltools.gnu-tools-for-stm32.10.3-2021.10.win32_1.0.100.202210260954/tools/bin/../lib/gcc/arm-none-eabi/10.3.1/../../../../arm-none-eabi/lib/thumb/v7e-m+fp/hard\libc_nano.a(lib_a-init.o)
 .ARM.attributes
                0x0000000000000587       0x34 c:/st/stm32cubeide_1.11.0/stm32cubeide/plugins/com.st.stm32cube.ide.mcu.externaltools.gnu-tools-for-stm32.10.3-2021.10.win32_1.0.100.202210260954/tools/bin/../lib/gcc/arm-none-eabi/10.3.1/../../../../arm-none-eabi/lib/thumb/v7e-m+fp/hard\libc_nano.a(lib_a-memset.o)
 .ARM.attributes
                0x00000000000005bb       0x17 c:/st/stm32cubeide_1.11.0/stm32cubeide/plugins/com.st.stm32cube.ide.mcu.externaltools.gnu-tools-for-stm32.10.3-2021.10.win32_1.0.100.202210260954/tools/bin/../lib/gcc/arm-none-eabi/10.3.1/../../../../arm-none-eabi/lib/thumb/v7e-m+fp/hard\libc_nano.a(lib_a-strlen.o)
 .ARM.attributes
                0x00000000000005d2       0x1e c:/st/stm32cubeide_1.11.0/stm32cubeide/plugins/com.st.stm32cube.ide.mcu.externaltools.gnu-tools-for-stm32.10.3-2021.10.win32_1.0.100.202210260954/tools/bin/../lib/gcc/arm-none-eabi/10.3.1/thumb/v7e-m+fp/hard\libgcc.a(_aeabi_uldivmod.o)
 .ARM.attributes
                0x00000000000005f0       0x34 c:/st/stm32cubeide_1.11.0/stm32cubeide/plugins/com.st.stm32cube.ide.mcu.externaltools.gnu-tools-for-stm32.10.3-2021.10.win32_1.0.100.202210260954/tools/bin/../lib/gcc/arm-none-eabi/10.3.1/thumb/v7e-m+fp/hard\libgcc.a(_udivmoddi4.o)
 .ARM.attributes
                0x0000000000000624       0x1e c:/st/stm32cubeide_1.11.0/stm32cubeide/plugins/com.st.stm32cube.ide.mcu.externaltools.gnu-tools-for-stm32.10.3-2021.10.win32_1.0.100.202210260954/tools/bin/../lib/gcc/arm-none-eabi/10.3.1/thumb/v7e-m+fp/hard\libgcc.a(_dvmd_tls.o)
 .ARM.attributes
                0x0000000000000642       0x1e c:/st/stm32cubeide_1.11.0/stm32cubeide/plugins/com.st.stm32cube.ide.mcu.externaltools.gnu-tools-for-stm32.10.3-2021.10.win32_1.0.100.202210260954/tools/bin/../lib/gcc/arm-none-eabi/10.3.1/thumb/v7e-m+fp/hard/crtn.o
OUTPUT(LedsConTimmers.elf elf32-littlearm)
LOAD linker stubs
LOAD c:/st/stm32cubeide_1.11.0/stm32cubeide/plugins/com.st.stm32cube.ide.mcu.externaltools.gnu-tools-for-stm32.10.3-2021.10.win32_1.0.100.202210260954/tools/bin/../lib/gcc/arm-none-eabi/10.3.1/../../../../arm-none-eabi/lib/thumb/v7e-m+fp/hard\libc.a
LOAD c:/st/stm32cubeide_1.11.0/stm32cubeide/plugins/com.st.stm32cube.ide.mcu.externaltools.gnu-tools-for-stm32.10.3-2021.10.win32_1.0.100.202210260954/tools/bin/../lib/gcc/arm-none-eabi/10.3.1/../../../../arm-none-eabi/lib/thumb/v7e-m+fp/hard\libm.a
LOAD c:/st/stm32cubeide_1.11.0/stm32cubeide/plugins/com.st.stm32cube.ide.mcu.externaltools.gnu-tools-for-stm32.10.3-2021.10.win32_1.0.100.202210260954/tools/bin/../lib/gcc/arm-none-eabi/10.3.1/thumb/v7e-m+fp/hard\libgcc.a

.debug_info     0x0000000000000000    0x198b7
 .debug_info    0x0000000000000000     0x1fc0 ./Core/Src/main.o
 .debug_info    0x0000000000001fc0     0x1321 ./Core/Src/stm32f4xx_hal_msp.o
 .debug_info    0x00000000000032e1      0xedb ./Core/Src/stm32f4xx_it.o
 .debug_info    0x00000000000041bc      0x54f ./Core/Src/system_stm32f4xx.o
 .debug_info    0x000000000000470b       0x22 ./Core/Startup/startup_stm32f401ccux.o
 .debug_info    0x000000000000472d      0x906 ./Drivers/STM32F4xx_HAL_Driver/Src/stm32f4xx_hal.o
 .debug_info    0x0000000000005033      0xd68 ./Drivers/STM32F4xx_HAL_Driver/Src/stm32f4xx_hal_adc.o
 .debug_info    0x0000000000005d9b      0xd85 ./Drivers/STM32F4xx_HAL_Driver/Src/stm32f4xx_hal_cortex.o
 .debug_info    0x0000000000006b20      0x947 ./Drivers/STM32F4xx_HAL_Driver/Src/stm32f4xx_hal_dma.o
 .debug_info    0x0000000000007467      0x78e ./Drivers/STM32F4xx_HAL_Driver/Src/stm32f4xx_hal_gpio.o
 .debug_info    0x0000000000007bf5     0x168d ./Drivers/STM32F4xx_HAL_Driver/Src/stm32f4xx_hal_pcd.o
 .debug_info    0x0000000000009282      0x717 ./Drivers/STM32F4xx_HAL_Driver/Src/stm32f4xx_hal_pcd_ex.o
 .debug_info    0x0000000000009999      0x98c ./Drivers/STM32F4xx_HAL_Driver/Src/stm32f4xx_hal_rcc.o
 .debug_info    0x000000000000a325     0x2bb6 ./Drivers/STM32F4xx_HAL_Driver/Src/stm32f4xx_hal_tim.o
 .debug_info    0x000000000000cedb     0x15d8 ./Drivers/STM32F4xx_HAL_Driver/Src/stm32f4xx_hal_tim_ex.o
 .debug_info    0x000000000000e4b3     0x31b4 ./Drivers/STM32F4xx_HAL_Driver/Src/stm32f4xx_hal_uart.o
 .debug_info    0x0000000000011667     0x1a97 ./Drivers/STM32F4xx_HAL_Driver/Src/stm32f4xx_ll_usb.o
 .debug_info    0x00000000000130fe     0x130c ./Middlewares/ST/STM32_USB_Device_Library/Class/CDC/Src/usbd_cdc.o
 .debug_info    0x000000000001440a      0xee7 ./Middlewares/ST/STM32_USB_Device_Library/Core/Src/usbd_core.o
 .debug_info    0x00000000000152f1      0xb7f ./Middlewares/ST/STM32_USB_Device_Library/Core/Src/usbd_ctlreq.o
 .debug_info    0x0000000000015e70      0x7da ./Middlewares/ST/STM32_USB_Device_Library/Core/Src/usbd_ioreq.o
 .debug_info    0x000000000001664a      0x76a ./USB_DEVICE/App/usb_device.o
 .debug_info    0x0000000000016db4      0x9b6 ./USB_DEVICE/App/usbd_cdc_if.o
 .debug_info    0x000000000001776a      0x498 ./USB_DEVICE/App/usbd_desc.o
 .debug_info    0x0000000000017c02     0x1cb5 ./USB_DEVICE/Target/usbd_conf.o

.debug_abbrev   0x0000000000000000     0x3877
 .debug_abbrev  0x0000000000000000      0x3cf ./Core/Src/main.o
 .debug_abbrev  0x00000000000003cf      0x247 ./Core/Src/stm32f4xx_hal_msp.o
 .debug_abbrev  0x0000000000000616      0x1f6 ./Core/Src/stm32f4xx_it.o
 .debug_abbrev  0x000000000000080c      0x116 ./Core/Src/system_stm32f4xx.o
 .debug_abbrev  0x0000000000000922       0x12 ./Core/Startup/startup_stm32f401ccux.o
 .debug_abbrev  0x0000000000000934      0x23e ./Drivers/STM32F4xx_HAL_Driver/Src/stm32f4xx_hal.o
 .debug_abbrev  0x0000000000000b72      0x204 ./Drivers/STM32F4xx_HAL_Driver/Src/stm32f4xx_hal_adc.o
 .debug_abbrev  0x0000000000000d76      0x316 ./Drivers/STM32F4xx_HAL_Driver/Src/stm32f4xx_hal_cortex.o
 .debug_abbrev  0x000000000000108c      0x21b ./Drivers/STM32F4xx_HAL_Driver/Src/stm32f4xx_hal_dma.o
 .debug_abbrev  0x00000000000012a7      0x1c4 ./Drivers/STM32F4xx_HAL_Driver/Src/stm32f4xx_hal_gpio.o
 .debug_abbrev  0x000000000000146b      0x2bb ./Drivers/STM32F4xx_HAL_Driver/Src/stm32f4xx_hal_pcd.o
 .debug_abbrev  0x0000000000001726      0x1ce ./Drivers/STM32F4xx_HAL_Driver/Src/stm32f4xx_hal_pcd_ex.o
 .debug_abbrev  0x00000000000018f4      0x2aa ./Drivers/STM32F4xx_HAL_Driver/Src/stm32f4xx_hal_rcc.o
 .debug_abbrev  0x0000000000001b9e      0x26e ./Drivers/STM32F4xx_HAL_Driver/Src/stm32f4xx_hal_tim.o
 .debug_abbrev  0x0000000000001e0c      0x276 ./Drivers/STM32F4xx_HAL_Driver/Src/stm32f4xx_hal_tim_ex.o
 .debug_abbrev  0x0000000000002082      0x305 ./Drivers/STM32F4xx_HAL_Driver/Src/stm32f4xx_hal_uart.o
 .debug_abbrev  0x0000000000002387      0x296 ./Drivers/STM32F4xx_HAL_Driver/Src/stm32f4xx_ll_usb.o
 .debug_abbrev  0x000000000000261d      0x2be ./Middlewares/ST/STM32_USB_Device_Library/Class/CDC/Src/usbd_cdc.o
 .debug_abbrev  0x00000000000028db      0x263 ./Middlewares/ST/STM32_USB_Device_Library/Core/Src/usbd_core.o
 .debug_abbrev  0x0000000000002b3e      0x25c ./Middlewares/ST/STM32_USB_Device_Library/Core/Src/usbd_ctlreq.o
 .debug_abbrev  0x0000000000002d9a      0x18a ./Middlewares/ST/STM32_USB_Device_Library/Core/Src/usbd_ioreq.o
 .debug_abbrev  0x0000000000002f24      0x18a ./USB_DEVICE/App/usb_device.o
 .debug_abbrev  0x00000000000030ae      0x2c4 ./USB_DEVICE/App/usbd_cdc_if.o
 .debug_abbrev  0x0000000000003372      0x1da ./USB_DEVICE/App/usbd_desc.o
 .debug_abbrev  0x000000000000354c      0x32b ./USB_DEVICE/Target/usbd_conf.o

.debug_aranges  0x0000000000000000     0x14e8
 .debug_aranges
                0x0000000000000000       0xd8 ./Core/Src/main.o
 .debug_aranges
                0x00000000000000d8       0x58 ./Core/Src/stm32f4xx_hal_msp.o
 .debug_aranges
                0x0000000000000130       0x88 ./Core/Src/stm32f4xx_it.o
 .debug_aranges
                0x00000000000001b8       0x28 ./Core/Src/system_stm32f4xx.o
 .debug_aranges
                0x00000000000001e0       0x28 ./Core/Startup/startup_stm32f401ccux.o
 .debug_aranges
                0x0000000000000208       0xf0 ./Drivers/STM32F4xx_HAL_Driver/Src/stm32f4xx_hal.o
 .debug_aranges
                0x00000000000002f8       0xe8 ./Drivers/STM32F4xx_HAL_Driver/Src/stm32f4xx_hal_adc.o
 .debug_aranges
                0x00000000000003e0      0x118 ./Drivers/STM32F4xx_HAL_Driver/Src/stm32f4xx_hal_cortex.o
 .debug_aranges
                0x00000000000004f8       0x90 ./Drivers/STM32F4xx_HAL_Driver/Src/stm32f4xx_hal_dma.o
 .debug_aranges
                0x0000000000000588       0x58 ./Drivers/STM32F4xx_HAL_Driver/Src/stm32f4xx_hal_gpio.o
 .debug_aranges
                0x00000000000005e0      0x148 ./Drivers/STM32F4xx_HAL_Driver/Src/stm32f4xx_hal_pcd.o
 .debug_aranges
                0x0000000000000728       0x38 ./Drivers/STM32F4xx_HAL_Driver/Src/stm32f4xx_hal_pcd_ex.o
 .debug_aranges
                0x0000000000000760       0x88 ./Drivers/STM32F4xx_HAL_Driver/Src/stm32f4xx_hal_rcc.o
 .debug_aranges
                0x00000000000007e8      0x3d0 ./Drivers/STM32F4xx_HAL_Driver/Src/stm32f4xx_hal_tim.o
 .debug_aranges
                0x0000000000000bb8      0x168 ./Drivers/STM32F4xx_HAL_Driver/Src/stm32f4xx_hal_tim_ex.o
 .debug_aranges
                0x0000000000000d20      0x200 ./Drivers/STM32F4xx_HAL_Driver/Src/stm32f4xx_hal_uart.o
 .debug_aranges
                0x0000000000000f20      0x1a0 ./Drivers/STM32F4xx_HAL_Driver/Src/stm32f4xx_ll_usb.o
 .debug_aranges
                0x00000000000010c0       0x90 ./Middlewares/ST/STM32_USB_Device_Library/Class/CDC/Src/usbd_cdc.o
 .debug_aranges
                0x0000000000001150       0xd8 ./Middlewares/ST/STM32_USB_Device_Library/Core/Src/usbd_core.o
 .debug_aranges
                0x0000000000001228       0x90 ./Middlewares/ST/STM32_USB_Device_Library/Core/Src/usbd_ctlreq.o
 .debug_aranges
                0x00000000000012b8       0x50 ./Middlewares/ST/STM32_USB_Device_Library/Core/Src/usbd_ioreq.o
 .debug_aranges
                0x0000000000001308       0x20 ./USB_DEVICE/App/usb_device.o
 .debug_aranges
                0x0000000000001328       0x50 ./USB_DEVICE/App/usbd_cdc_if.o
 .debug_aranges
                0x0000000000001378       0x60 ./USB_DEVICE/App/usbd_desc.o
 .debug_aranges
                0x00000000000013d8      0x110 ./USB_DEVICE/Target/usbd_conf.o

.debug_ranges   0x0000000000000000     0x1390
 .debug_ranges  0x0000000000000000       0xc8 ./Core/Src/main.o
 .debug_ranges  0x00000000000000c8       0x48 ./Core/Src/stm32f4xx_hal_msp.o
 .debug_ranges  0x0000000000000110       0x78 ./Core/Src/stm32f4xx_it.o
 .debug_ranges  0x0000000000000188       0x18 ./Core/Src/system_stm32f4xx.o
 .debug_ranges  0x00000000000001a0       0x20 ./Core/Startup/startup_stm32f401ccux.o
 .debug_ranges  0x00000000000001c0       0xe0 ./Drivers/STM32F4xx_HAL_Driver/Src/stm32f4xx_hal.o
 .debug_ranges  0x00000000000002a0       0xd8 ./Drivers/STM32F4xx_HAL_Driver/Src/stm32f4xx_hal_adc.o
 .debug_ranges  0x0000000000000378      0x108 ./Drivers/STM32F4xx_HAL_Driver/Src/stm32f4xx_hal_cortex.o
 .debug_ranges  0x0000000000000480       0x80 ./Drivers/STM32F4xx_HAL_Driver/Src/stm32f4xx_hal_dma.o
 .debug_ranges  0x0000000000000500       0x48 ./Drivers/STM32F4xx_HAL_Driver/Src/stm32f4xx_hal_gpio.o
 .debug_ranges  0x0000000000000548      0x138 ./Drivers/STM32F4xx_HAL_Driver/Src/stm32f4xx_hal_pcd.o
 .debug_ranges  0x0000000000000680       0x28 ./Drivers/STM32F4xx_HAL_Driver/Src/stm32f4xx_hal_pcd_ex.o
 .debug_ranges  0x00000000000006a8       0x78 ./Drivers/STM32F4xx_HAL_Driver/Src/stm32f4xx_hal_rcc.o
 .debug_ranges  0x0000000000000720      0x3c0 ./Drivers/STM32F4xx_HAL_Driver/Src/stm32f4xx_hal_tim.o
 .debug_ranges  0x0000000000000ae0      0x158 ./Drivers/STM32F4xx_HAL_Driver/Src/stm32f4xx_hal_tim_ex.o
 .debug_ranges  0x0000000000000c38      0x220 ./Drivers/STM32F4xx_HAL_Driver/Src/stm32f4xx_hal_uart.o
 .debug_ranges  0x0000000000000e58      0x190 ./Drivers/STM32F4xx_HAL_Driver/Src/stm32f4xx_ll_usb.o
 .debug_ranges  0x0000000000000fe8       0x80 ./Middlewares/ST/STM32_USB_Device_Library/Class/CDC/Src/usbd_cdc.o
 .debug_ranges  0x0000000000001068       0xc8 ./Middlewares/ST/STM32_USB_Device_Library/Core/Src/usbd_core.o
 .debug_ranges  0x0000000000001130       0x80 ./Middlewares/ST/STM32_USB_Device_Library/Core/Src/usbd_ctlreq.o
 .debug_ranges  0x00000000000011b0       0x40 ./Middlewares/ST/STM32_USB_Device_Library/Core/Src/usbd_ioreq.o
 .debug_ranges  0x00000000000011f0       0x10 ./USB_DEVICE/App/usb_device.o
 .debug_ranges  0x0000000000001200       0x40 ./USB_DEVICE/App/usbd_cdc_if.o
 .debug_ranges  0x0000000000001240       0x50 ./USB_DEVICE/App/usbd_desc.o
 .debug_ranges  0x0000000000001290      0x100 ./USB_DEVICE/Target/usbd_conf.o

.debug_macro    0x0000000000000000    0x1ab0a
 .debug_macro   0x0000000000000000      0x40f ./Core/Src/main.o
 .debug_macro   0x000000000000040f      0xa78 ./Core/Src/main.o
 .debug_macro   0x0000000000000e87      0x2a7 ./Core/Src/main.o
 .debug_macro   0x000000000000112e       0x2e ./Core/Src/main.o
 .debug_macro   0x000000000000115c       0x28 ./Core/Src/main.o
 .debug_macro   0x0000000000001184       0x22 ./Core/Src/main.o
 .debug_macro   0x00000000000011a6       0x8e ./Core/Src/main.o
 .debug_macro   0x0000000000001234       0x51 ./Core/Src/main.o
 .debug_macro   0x0000000000001285      0x103 ./Core/Src/main.o
 .debug_macro   0x0000000000001388       0x6a ./Core/Src/main.o
 .debug_macro   0x00000000000013f2      0x1df ./Core/Src/main.o
 .debug_macro   0x00000000000015d1       0x1c ./Core/Src/main.o
 .debug_macro   0x00000000000015ed       0x22 ./Core/Src/main.o
 .debug_macro   0x000000000000160f       0xd9 ./Core/Src/main.o
 .debug_macro   0x00000000000016e8     0x102d ./Core/Src/main.o
 .debug_macro   0x0000000000002715      0x11f ./Core/Src/main.o
 .debug_macro   0x0000000000002834     0xb86c ./Core/Src/main.o
 .debug_macro   0x000000000000e0a0       0x6d ./Core/Src/main.o
 .debug_macro   0x000000000000e10d     0x367e ./Core/Src/main.o
 .debug_macro   0x000000000001178b      0x174 ./Core/Src/main.o
 .debug_macro   0x00000000000118ff       0x5c ./Core/Src/main.o
 .debug_macro   0x000000000001195b      0x416 ./Core/Src/main.o
 .debug_macro   0x0000000000011d71      0x9fe ./Core/Src/main.o
 .debug_macro   0x000000000001276f      0x115 ./Core/Src/main.o